Archive member included to satisfy reference by file (symbol)

C:/Users/Joao/.pico-sdk/toolchain/14_2_Rel1/bin/../lib/gcc/arm-none-eabi/14.2.1/thumb/v6-m/nofp\libgcc.a(_dvmd_tls.o)
                              CMakeFiles/Usar_SSD.dir/C_/Users/Joao/.pico-sdk/sdk/2.1.1/src/rp2_common/pico_divider/divider_hardware.S.obj (__aeabi_idiv0)
C:/Users/Joao/.pico-sdk/toolchain/14_2_Rel1/bin/../lib/gcc/arm-none-eabi/14.2.1/thumb/v6-m/nofp\libg.a(libc_a-atoi.o)
                              CMakeFiles/Usar_SSD.dir/Cartao_FatFS_SPI.c.obj (atoi)
C:/Users/Joao/.pico-sdk/toolchain/14_2_Rel1/bin/../lib/gcc/arm-none-eabi/14.2.1/thumb/v6-m/nofp\libg.a(libc_a-calloc.o)
                              CMakeFiles/Usar_SSD.dir/C_/Users/Joao/.pico-sdk/sdk/2.1.1/src/rp2_common/pico_malloc/malloc.c.obj (calloc)
C:/Users/Joao/.pico-sdk/toolchain/14_2_Rel1/bin/../lib/gcc/arm-none-eabi/14.2.1/thumb/v6-m/nofp\libg.a(libc_a-callocr.o)
                              C:/Users/Joao/.pico-sdk/toolchain/14_2_Rel1/bin/../lib/gcc/arm-none-eabi/14.2.1/thumb/v6-m/nofp\libg.a(libc_a-calloc.o) (_calloc_r)
C:/Users/Joao/.pico-sdk/toolchain/14_2_Rel1/bin/../lib/gcc/arm-none-eabi/14.2.1/thumb/v6-m/nofp\libg.a(libc_a-malloc.o)
                              CMakeFiles/Usar_SSD.dir/C_/Users/Joao/.pico-sdk/sdk/2.1.1/src/rp2_common/pico_malloc/malloc.c.obj (malloc)
C:/Users/Joao/.pico-sdk/toolchain/14_2_Rel1/bin/../lib/gcc/arm-none-eabi/14.2.1/thumb/v6-m/nofp\libg.a(libc_a-mallocr.o)
                              C:/Users/Joao/.pico-sdk/toolchain/14_2_Rel1/bin/../lib/gcc/arm-none-eabi/14.2.1/thumb/v6-m/nofp\libg.a(libc_a-callocr.o) (_malloc_r)
C:/Users/Joao/.pico-sdk/toolchain/14_2_Rel1/bin/../lib/gcc/arm-none-eabi/14.2.1/thumb/v6-m/nofp\libg.a(libc_a-mlock.o)
                              C:/Users/Joao/.pico-sdk/toolchain/14_2_Rel1/bin/../lib/gcc/arm-none-eabi/14.2.1/thumb/v6-m/nofp\libg.a(libc_a-mallocr.o) (__malloc_lock)
C:/Users/Joao/.pico-sdk/toolchain/14_2_Rel1/bin/../lib/gcc/arm-none-eabi/14.2.1/thumb/v6-m/nofp\libg.a(libc_a-realloc.o)
                              CMakeFiles/Usar_SSD.dir/C_/Users/Joao/.pico-sdk/sdk/2.1.1/src/rp2_common/pico_malloc/malloc.c.obj (realloc)
C:/Users/Joao/.pico-sdk/toolchain/14_2_Rel1/bin/../lib/gcc/arm-none-eabi/14.2.1/thumb/v6-m/nofp\libg.a(libc_a-reallocr.o)
                              C:/Users/Joao/.pico-sdk/toolchain/14_2_Rel1/bin/../lib/gcc/arm-none-eabi/14.2.1/thumb/v6-m/nofp\libg.a(libc_a-realloc.o) (_realloc_r)
C:/Users/Joao/.pico-sdk/toolchain/14_2_Rel1/bin/../lib/gcc/arm-none-eabi/14.2.1/thumb/v6-m/nofp\libg.a(libc_a-strtol.o)
                              C:/Users/Joao/.pico-sdk/toolchain/14_2_Rel1/bin/../lib/gcc/arm-none-eabi/14.2.1/thumb/v6-m/nofp\libg.a(libc_a-atoi.o) (_strtol_r)
C:/Users/Joao/.pico-sdk/toolchain/14_2_Rel1/bin/../lib/gcc/arm-none-eabi/14.2.1/thumb/v6-m/nofp\libg.a(libc_a-ctype_.o)
                              CMakeFiles/Usar_SSD.dir/Cartao_FatFS_SPI.c.obj (_ctype_)
C:/Users/Joao/.pico-sdk/toolchain/14_2_Rel1/bin/../lib/gcc/arm-none-eabi/14.2.1/thumb/v6-m/nofp\libg.a(libc_a-fflush.o)
                              CMakeFiles/Usar_SSD.dir/lib/FatFs_SPI/sd_driver/demo_logging.c.obj (fflush)
C:/Users/Joao/.pico-sdk/toolchain/14_2_Rel1/bin/../lib/gcc/arm-none-eabi/14.2.1/thumb/v6-m/nofp\libg.a(libc_a-findfp.o)
                              C:/Users/Joao/.pico-sdk/toolchain/14_2_Rel1/bin/../lib/gcc/arm-none-eabi/14.2.1/thumb/v6-m/nofp\libg.a(libc_a-fflush.o) (__sglue)
C:/Users/Joao/.pico-sdk/toolchain/14_2_Rel1/bin/../lib/gcc/arm-none-eabi/14.2.1/thumb/v6-m/nofp\libg.a(libc_a-fwalk.o)
                              C:/Users/Joao/.pico-sdk/toolchain/14_2_Rel1/bin/../lib/gcc/arm-none-eabi/14.2.1/thumb/v6-m/nofp\libg.a(libc_a-fflush.o) (_fwalk_sglue)
C:/Users/Joao/.pico-sdk/toolchain/14_2_Rel1/bin/../lib/gcc/arm-none-eabi/14.2.1/thumb/v6-m/nofp\libg.a(libc_a-stdio.o)
                              C:/Users/Joao/.pico-sdk/toolchain/14_2_Rel1/bin/../lib/gcc/arm-none-eabi/14.2.1/thumb/v6-m/nofp\libg.a(libc_a-findfp.o) (__sread)
C:/Users/Joao/.pico-sdk/toolchain/14_2_Rel1/bin/../lib/gcc/arm-none-eabi/14.2.1/thumb/v6-m/nofp\libg.a(libc_a-memcmp.o)
                              CMakeFiles/Usar_SSD.dir/C_/Users/Joao/.pico-sdk/sdk/2.1.1/src/rp2_common/pico_atomic/atomic.c.obj (memcmp)
C:/Users/Joao/.pico-sdk/toolchain/14_2_Rel1/bin/../lib/gcc/arm-none-eabi/14.2.1/thumb/v6-m/nofp\libg.a(libc_a-memmove.o)
                              C:/Users/Joao/.pico-sdk/toolchain/14_2_Rel1/bin/../lib/gcc/arm-none-eabi/14.2.1/thumb/v6-m/nofp\libg.a(libc_a-reallocr.o) (memmove)
C:/Users/Joao/.pico-sdk/toolchain/14_2_Rel1/bin/../lib/gcc/arm-none-eabi/14.2.1/thumb/v6-m/nofp\libg.a(libc_a-strchr.o)
                              CMakeFiles/Usar_SSD.dir/lib/FatFs_SPI/ff15/source/ff.c.obj (strchr)
C:/Users/Joao/.pico-sdk/toolchain/14_2_Rel1/bin/../lib/gcc/arm-none-eabi/14.2.1/thumb/v6-m/nofp\libg.a(libc_a-strncpy.o)
                              CMakeFiles/Usar_SSD.dir/lib/FatFs_SPI/src/ff_stdio.c.obj (strncpy)
[...]
Memory Configuration

Name             Origin             Length             Attributes
FLASH            0x10000000         0x00200000         xr
RAM              0x20000000         0x00040000         xrw
SCRATCH_X        0x20040000         0x00001000         xrw
SCRATCH_Y        0x20041000         0x00001000         xrw
*default*        0x00000000         0xffffffff

Linker script and memory map

LOAD C:/Users/Joao/.pico-sdk/toolchain/14_2_Rel1/bin/../lib/gcc/arm-none-eabi/14.2.1/thumb/v6-m/nofp/crti.o
LOAD C:/Users/Joao/.pico-sdk/toolchain/14_2_Rel1/bin/../lib/gcc/arm-none-eabi/14.2.1/thumb/v6-m/nofp/crtbegin.o
LOAD C:/Users/Joao/.pico-sdk/toolchain/14_2_Rel1/bin/../lib/gcc/arm-none-eabi/14.2.1/thumb/v6-m/nofp/crt0.o

.flash_begin    0x10000000        0x0
                0x10000000                        __flash_binary_start = .

.boot2          0x10000000      0x100
                0x10000000                        __boot2_start__ = .
 *(.boot2)
 .boot2         0x10000000      0x100 pico-sdk/src/rp2040/boot_stage2/CMakeFiles/bs2_default_library.dir/./bs2_default_padded_checksummed.S.obj
                0x10000100                        __boot2_end__ = .
                0x00000001                        ASSERT (((__boot2_end__ - __boot2_start__) == 0x100), ERROR: Pico second stage bootloader must be 256 bytes in size)

.text           0x10000100    0x1315c
                0x10000100                        __logical_binary_start = .
 *(.vectors)
 .vectors       0x10000100       0xd4 CMakeFiles/Usar_SSD.dir/C_/Users/Joao/.pico-sdk/sdk/2.1.1/src/rp2_common/pico_crt0/crt0.S.obj
                0x10000100                __VECTOR_TABLE
                0x10000100                __vectors
                0x100001c0                isr_invalid
                0x100001c0                __default_isrs_start
                0x100001c2                isr_nmi
                0x100001c4                isr_hardfault
                0x100001c6                isr_svcall
                0x100001c8                isr_pendsv
                0x100001ca                isr_systick
                0x100001cc                isr_irq23
                0x100001cc                isr_irq18
                0x100001cc                isr_irq11
                0x100001cc                isr_irq28
                0x100001cc                isr_irq19
                0x100001cc                isr_irq0
                0x100001cc                isr_irq6
                0x100001cc                isr_irq5
                0x100001cc                isr_irq12
                0x100001cc                isr_irq22
                0x100001cc                isr_irq31
                0x100001cc                isr_irq17
                0x100001cc                isr_irq27
                0x100001cc                isr_irq30
                0x100001cc                isr_irq2
                0x100001cc                isr_irq10
                0x100001cc                isr_irq8
                0x100001cc                isr_irq24
                0x100001cc                isr_irq1
                0x100001cc                isr_irq7
                0x100001cc                isr_irq21
                0x100001cc                isr_irq20
                0x100001cc                isr_irq15
                0x100001cc                isr_irq25
                0x100001cc                isr_irq13
                0x100001cc                __unhandled_user_irq
                0x100001cc                isr_irq4
                0x100001cc                isr_irq16
                0x100001cc                isr_irq29
                0x100001cc                isr_irq26
                0x100001cc                __default_isrs_end
                0x100001cc                isr_irq3
                0x100001cc                isr_irq14
                0x100001cc                isr_irq9
                0x100001d2                unhandled_user_irq_num_in_r0
 *(.binary_info_header)
 .binary_info_header
                0x100001d4       0x14 CMakeFiles/Usar_SSD.dir/C_/Users/Joao/.pico-sdk/sdk/2.1.1/src/rp2_common/pico_crt0/crt0.S.obj
                0x100001e8                        __binary_info_header_end = .
 *(.embedded_block)
                0x100001e8                        __embedded_block_end = .
 *(.reset)
 .reset         0x100001e8       0x9c CMakeFiles/Usar_SSD.dir/C_/Users/Joao/.pico-sdk/sdk/2.1.1/src/rp2_common/pico_crt0/crt0.S.obj
                0x100001e8                _entry_point
 *(.init)
 .init          0x10000284        0x4 C:/Users/Joao/.pico-sdk/toolchain/14_2_Rel1/bin/../lib/gcc/arm-none-eabi/14.2.1/thumb/v6-m/nofp/crti.o
                0x10000284                _init
 *(EXCLUDE_FILE(*libm.a: *libc.a:*lib_a-mem*.o *libgcc.a:) .text*)
 .text.register_tm_clones
                0x10000288       0x28 C:/Users/Joao/.pico-sdk/toolchain/14_2_Rel1/bin/../lib/gcc/arm-none-eabi/14.2.1/thumb/v6-m/nofp/crtbegin.o
 .text.frame_dummy
                0x100002b0       0x24 C:/Users/Joao/.pico-sdk/toolchain/14_2_Rel1/bin/../lib/gcc/arm-none-eabi/14.2.1/thumb/v6-m/nofp/crtbegin.o
 .text.run_help
                0x100002d4       0x68 CMakeFiles/Usar_SSD.dir/Cartao_FatFS_SPI.c.obj
 .text.mpu6050_read_raw
                0x1000033c       0xc8 CMakeFiles/Usar_SSD.dir/Cartao_FatFS_SPI.c.obj
 .text.run_cat  0x10000404       0x7c CMakeFiles/Usar_SSD.dir/Cartao_FatFS_SPI.c.obj
 .text.run_setrtc
                0x10000480       0xb4 CMakeFiles/Usar_SSD.dir/Cartao_FatFS_SPI.c.obj
 .text.run_unmount
                0x10000534       0xc0 CMakeFiles/Usar_SSD.dir/Cartao_FatFS_SPI.c.obj
 .text.run_ls   0x100005f4      0x10c CMakeFiles/Usar_SSD.dir/Cartao_FatFS_SPI.c.obj
 .text.gpio_callback
                0x10000700       0x54 CMakeFiles/Usar_SSD.dir/Cartao_FatFS_SPI.c.obj
                0x10000700                gpio_callback
 .text.read_file.constprop.0
                0x10000754       0x7c CMakeFiles/Usar_SSD.dir/Cartao_FatFS_SPI.c.obj
 .text.run_format
                0x100007d0       0x78 CMakeFiles/Usar_SSD.dir/Cartao_FatFS_SPI.c.obj
 .text.run_getfree
                0x10000848       0xa0 CMakeFiles/Usar_SSD.dir/Cartao_FatFS_SPI.c.obj
 .text.run_mount
                0x100008e8       0xb8 CMakeFiles/Usar_SSD.dir/Cartao_FatFS_SPI.c.obj
 .text.capture_mpu_data_and_save
                0x100009a0      0x178 CMakeFiles/Usar_SSD.dir/Cartao_FatFS_SPI.c.obj
                0x100009a0                capture_mpu_data_and_save
 .text.inicia_pinos
                0x10000b18      0x19c CMakeFiles/Usar_SSD.dir/Cartao_FatFS_SPI.c.obj
                0x10000b18                inicia_pinos
 .text.startup.main
                0x10000cb4      0x724 CMakeFiles/Usar_SSD.dir/Cartao_FatFS_SPI.c.obj
                0x10000cb4                main
 .text.sd_get_num
                0x100013d8        0x4 CMakeFiles/Usar_SSD.dir/hw_config.c.obj
                0x100013d8                sd_get_num
 .text.sd_get_by_num
                0x100013dc       0x18 CMakeFiles/Usar_SSD.dir/hw_config.c.obj
                0x100013dc                sd_get_by_num
 .text.spi_get_num
                0x100013f4        0x4 CMakeFiles/Usar_SSD.dir/hw_config.c.obj
                0x100013f4                spi_get_num
 .text.spi_get_by_num
                0x100013f8       0x18 CMakeFiles/Usar_SSD.dir/hw_config.c.obj
                0x100013f8                spi_get_by_num
 .text.ssd1306_init
                0x10001410       0x34 CMakeFiles/Usar_SSD.dir/lib/ssd1306.c.obj
                0x10001410                ssd1306_init
 .text.ssd1306_config
                0x10001444      0x1d0 CMakeFiles/Usar_SSD.dir/lib/ssd1306.c.obj
                0x10001444                ssd1306_config
 .text.ssd1306_send_data
                0x10001614       0x8c CMakeFiles/Usar_SSD.dir/lib/ssd1306.c.obj
                0x10001614                ssd1306_send_data
 .text.ssd1306_fill
                0x100016a0       0x7c CMakeFiles/Usar_SSD.dir/lib/ssd1306.c.obj
                0x100016a0                ssd1306_fill
 .text.ssd1306_draw_char
                0x1000171c      0x20c CMakeFiles/Usar_SSD.dir/lib/ssd1306.c.obj
                0x1000171c                ssd1306_draw_char
 .text.ssd1306_draw_string
                0x10001928       0x40 CMakeFiles/Usar_SSD.dir/lib/ssd1306.c.obj
                0x10001928                ssd1306_draw_string
 .text.gpio_default_irq_handler
                0x10001968      0x2c8 CMakeFiles/Usar_SSD.dir/C_/Users/Joao/.pico-sdk/sdk/2.1.1/src/rp2_common/hardware_gpio/gpio.c.obj
 .text.gpio_set_function
                0x10001c30       0x34 CMakeFiles/Usar_SSD.dir/C_/Users/Joao/.pico-sdk/sdk/2.1.1/src/rp2_common/hardware_gpio/gpio.c.obj
                0x10001c30                gpio_set_function
 .text.gpio_set_pulls
                0x10001c64       0x28 CMakeFiles/Usar_SSD.dir/C_/Users/Joao/.pico-sdk/sdk/2.1.1/src/rp2_common/hardware_gpio/gpio.c.obj
                0x10001c64                gpio_set_pulls
 .text.gpio_set_drive_strength
                0x10001c8c       0x24 CMakeFiles/Usar_SSD.dir/C_/Users/Joao/.pico-sdk/sdk/2.1.1/src/rp2_common/hardware_gpio/gpio.c.obj
                0x10001c8c                gpio_set_drive_strength
 .text.gpio_set_irq_enabled_with_callback
                0x10001cb0       0xd0 CMakeFiles/Usar_SSD.dir/C_/Users/Joao/.pico-sdk/sdk/2.1.1/src/rp2_common/hardware_gpio/gpio.c.obj
                0x10001cb0                gpio_set_irq_enabled_with_callback
 .text.gpio_init
                0x10001d80       0x40 CMakeFiles/Usar_SSD.dir/C_/Users/Joao/.pico-sdk/sdk/2.1.1/src/rp2_common/hardware_gpio/gpio.c.obj
                0x10001d80                gpio_init
 .text.rp2040_chip_version
                0x10001dc0        0xc CMakeFiles/Usar_SSD.dir/C_/Users/Joao/.pico-sdk/sdk/2.1.1/src/rp2040/pico_platform/platform.c.obj
                0x10001dc0                rp2040_chip_version
 .text.panic    0x10001dcc       0x30 CMakeFiles/Usar_SSD.dir/C_/Users/Joao/.pico-sdk/sdk/2.1.1/src/rp2_common/pico_platform_panic/panic.c.obj
                0x10001dcc                panic
 .text.hw_claim_or_assert
                0x10001dfc       0x44 CMakeFiles/Usar_SSD.dir/C_/Users/Joao/.pico-sdk/sdk/2.1.1/src/common/hardware_claim/claim.c.obj
                0x10001dfc                hw_claim_or_assert
 .text.hw_claim_unused_from_range
                0x10001e40       0x88 CMakeFiles/Usar_SSD.dir/C_/Users/Joao/.pico-sdk/sdk/2.1.1/src/common/hardware_claim/claim.c.obj
                0x10001e40                hw_claim_unused_from_range
 .text.next_striped_spin_lock_num
                0x10001ec8       0x18 CMakeFiles/Usar_SSD.dir/C_/Users/Joao/.pico-sdk/sdk/2.1.1/src/rp2_common/hardware_sync/sync.c.obj
                0x10001ec8                next_striped_spin_lock_num
 .text.spin_lock_claim_unused
                0x10001ee0       0x24 CMakeFiles/Usar_SSD.dir/C_/Users/Joao/.pico-sdk/sdk/2.1.1/src/rp2_common/hardware_sync/sync.c.obj
                0x10001ee0                spin_lock_claim_unused
 .text.spin_locks_reset
                0x10001f04       0x1c CMakeFiles/Usar_SSD.dir/C_/Users/Joao/.pico-sdk/sdk/2.1.1/src/rp2_common/hardware_sync_spin_lock/sync_spin_lock.c.obj
                0x10001f04                spin_locks_reset
 .text.runtime_init_per_core_irq_priorities
                0x10001f20       0x24 CMakeFiles/Usar_SSD.dir/C_/Users/Joao/.pico-sdk/sdk/2.1.1/src/rp2_common/hardware_irq/irq.c.obj
                0x10001f20                runtime_init_per_core_irq_priorities
 .text.irq_set_enabled
                0x10001f44       0x24 CMakeFiles/Usar_SSD.dir/C_/Users/Joao/.pico-sdk/sdk/2.1.1/src/rp2_common/hardware_irq/irq.c.obj
                0x10001f44                irq_set_enabled
 .text.irq_is_enabled
                0x10001f68       0x18 CMakeFiles/Usar_SSD.dir/C_/Users/Joao/.pico-sdk/sdk/2.1.1/src/rp2_common/hardware_irq/irq.c.obj
                0x10001f68                irq_is_enabled
 .text.irq_set_pending
                0x10001f80       0x10 CMakeFiles/Usar_SSD.dir/C_/Users/Joao/.pico-sdk/sdk/2.1.1/src/rp2_common/hardware_irq/irq.c.obj
                0x10001f80                irq_set_pending
 .text.irq_has_shared_handler
                0x10001f90       0x24 CMakeFiles/Usar_SSD.dir/C_/Users/Joao/.pico-sdk/sdk/2.1.1/src/rp2_common/hardware_irq/irq.c.obj
                0x10001f90                irq_has_shared_handler
 .text.irq_set_exclusive_handler
                0x10001fb4       0x54 CMakeFiles/Usar_SSD.dir/C_/Users/Joao/.pico-sdk/sdk/2.1.1/src/rp2_common/hardware_irq/irq.c.obj
                0x10001fb4                irq_set_exclusive_handler
 .text.irq_add_shared_handler
                0x10002008      0x1f4 CMakeFiles/Usar_SSD.dir/C_/Users/Joao/.pico-sdk/sdk/2.1.1/src/rp2_common/hardware_irq/irq.c.obj
                0x10002008                irq_add_shared_handler
 .text.irq_remove_handler
                0x100021fc      0x1d4 CMakeFiles/Usar_SSD.dir/C_/Users/Joao/.pico-sdk/sdk/2.1.1/src/rp2_common/hardware_irq/irq.c.obj
                0x100021fc                irq_remove_handler
 .text.irq_add_tail_to_free_list
                0x100023d0       0xb4 CMakeFiles/Usar_SSD.dir/C_/Users/Joao/.pico-sdk/sdk/2.1.1/src/rp2_common/hardware_irq/irq.c.obj
                0x100023d0                irq_add_tail_to_free_list
 .text.user_irq_claim_unused
                0x10002484       0x2c CMakeFiles/Usar_SSD.dir/C_/Users/Joao/.pico-sdk/sdk/2.1.1/src/rp2_common/hardware_irq/irq.c.obj
                0x10002484                user_irq_claim_unused
 .text.sem_init
                0x100024b0       0x20 CMakeFiles/Usar_SSD.dir/C_/Users/Joao/.pico-sdk/sdk/2.1.1/src/common/pico_sync/sem.c.obj
                0x100024b0                sem_init
 .text.lock_init
                0x100024d0       0x10 CMakeFiles/Usar_SSD.dir/C_/Users/Joao/.pico-sdk/sdk/2.1.1/src/common/pico_sync/lock_core.c.obj
                0x100024d0                lock_init
 .text.runtime_init_mutex
                0x100024e0       0x50 CMakeFiles/Usar_SSD.dir/C_/Users/Joao/.pico-sdk/sdk/2.1.1/src/common/pico_sync/mutex.c.obj
                0x100024e0                runtime_init_mutex
 .text.mutex_init
                0x10002530       0x1c CMakeFiles/Usar_SSD.dir/C_/Users/Joao/.pico-sdk/sdk/2.1.1/src/common/pico_sync/mutex.c.obj
                0x10002530                mutex_init
 .text.critical_section_init
                0x1000254c       0x1c CMakeFiles/Usar_SSD.dir/C_/Users/Joao/.pico-sdk/sdk/2.1.1/src/common/pico_sync/critical_section.c.obj
                0x1000254c                critical_section_init
 .text.critical_section_init_with_lock_num
                0x10002568       0x14 CMakeFiles/Usar_SSD.dir/C_/Users/Joao/.pico-sdk/sdk/2.1.1/src/common/pico_sync/critical_section.c.obj
                0x10002568                critical_section_init_with_lock_num
 .text.sleep_until_callback
                0x1000257c       0x30 CMakeFiles/Usar_SSD.dir/C_/Users/Joao/.pico-sdk/sdk/2.1.1/src/common/pico_time/time.c.obj
 .text.alarm_pool_irq_handler
                0x100025ac      0x300 CMakeFiles/Usar_SSD.dir/C_/Users/Joao/.pico-sdk/sdk/2.1.1/src/common/pico_time/time.c.obj
 .text.runtime_init_default_alarm_pool
                0x100028ac       0xdc CMakeFiles/Usar_SSD.dir/C_/Users/Joao/.pico-sdk/sdk/2.1.1/src/common/pico_time/time.c.obj
                0x100028ac                runtime_init_default_alarm_pool
 .text.alarm_pool_get_default
                0x10002988        0x8 CMakeFiles/Usar_SSD.dir/C_/Users/Joao/.pico-sdk/sdk/2.1.1/src/common/pico_time/time.c.obj
                0x10002988                alarm_pool_get_default
 .text.alarm_pool_add_alarm_at
                0x10002990       0xd0 CMakeFiles/Usar_SSD.dir/C_/Users/Joao/.pico-sdk/sdk/2.1.1/src/common/pico_time/time.c.obj
                0x10002990                alarm_pool_add_alarm_at
 .text.alarm_pool_add_alarm_at_force_in_context
                0x10002a60       0xb0 CMakeFiles/Usar_SSD.dir/C_/Users/Joao/.pico-sdk/sdk/2.1.1/src/common/pico_time/time.c.obj
                0x10002a60                alarm_pool_add_alarm_at_force_in_context
 .text.alarm_pool_cancel_alarm
                0x10002b10       0x74 CMakeFiles/Usar_SSD.dir/C_/Users/Joao/.pico-sdk/sdk/2.1.1/src/common/pico_time/time.c.obj
                0x10002b10                alarm_pool_cancel_alarm
 .text.alarm_pool_core_num
                0x10002b84        0x4 CMakeFiles/Usar_SSD.dir/C_/Users/Joao/.pico-sdk/sdk/2.1.1/src/common/pico_time/time.c.obj
                0x10002b84                alarm_pool_core_num
 .text.sleep_ms
                0x10002b88       0xfc CMakeFiles/Usar_SSD.dir/C_/Users/Joao/.pico-sdk/sdk/2.1.1/src/common/pico_time/time.c.obj
                0x10002b88                sleep_ms
 .text.best_effort_wfe_or_timeout
                0x10002c84      0x10c CMakeFiles/Usar_SSD.dir/C_/Users/Joao/.pico-sdk/sdk/2.1.1/src/common/pico_time/time.c.obj
                0x10002c84                best_effort_wfe_or_timeout
 .text.timer_hardware_alarm_claim
                0x10002d90       0x14 CMakeFiles/Usar_SSD.dir/C_/Users/Joao/.pico-sdk/sdk/2.1.1/src/rp2_common/hardware_timer/timer.c.obj
                0x10002d90                timer_hardware_alarm_claim
 .text.timer_time_us_64
                0x10002da4       0x10 CMakeFiles/Usar_SSD.dir/C_/Users/Joao/.pico-sdk/sdk/2.1.1/src/rp2_common/hardware_timer/timer.c.obj
                0x10002da4                timer_time_us_64
 .text.time_us_64
                0x10002db4       0x14 CMakeFiles/Usar_SSD.dir/C_/Users/Joao/.pico-sdk/sdk/2.1.1/src/rp2_common/hardware_timer/timer.c.obj
                0x10002db4                time_us_64
 .text.busy_wait_us
                0x10002dc8       0x68 CMakeFiles/Usar_SSD.dir/C_/Users/Joao/.pico-sdk/sdk/2.1.1/src/rp2_common/hardware_timer/timer.c.obj
                0x10002dc8                busy_wait_us
 .text.busy_wait_until
                0x10002e30       0x20 CMakeFiles/Usar_SSD.dir/C_/Users/Joao/.pico-sdk/sdk/2.1.1/src/rp2_common/hardware_timer/timer.c.obj
                0x10002e30                busy_wait_until
 .text.clock_configure_int_divider
                0x10002e50       0xf4 CMakeFiles/Usar_SSD.dir/C_/Users/Joao/.pico-sdk/sdk/2.1.1/src/rp2_common/hardware_clocks/clocks.c.obj
                0x10002e50                clock_configure_int_divider
 .text.clock_configure_undivided
                0x10002f44       0xe8 CMakeFiles/Usar_SSD.dir/C_/Users/Joao/.pico-sdk/sdk/2.1.1/src/rp2_common/hardware_clocks/clocks.c.obj
                0x10002f44                clock_configure_undivided
 .text.clock_get_hz
                0x1000302c        0xc CMakeFiles/Usar_SSD.dir/C_/Users/Joao/.pico-sdk/sdk/2.1.1/src/rp2_common/hardware_clocks/clocks.c.obj
                0x1000302c                clock_get_hz
 .text.pll_init
                0x10003038       0xa4 CMakeFiles/Usar_SSD.dir/C_/Users/Joao/.pico-sdk/sdk/2.1.1/src/rp2_common/hardware_pll/pll.c.obj
                0x10003038                pll_init
 .text.watchdog_reboot
                0x100030dc       0x9c CMakeFiles/Usar_SSD.dir/C_/Users/Joao/.pico-sdk/sdk/2.1.1/src/rp2_common/hardware_watchdog/watchdog.c.obj
                0x100030dc                watchdog_reboot
 .text.tick_start
                0x10003178       0x10 CMakeFiles/Usar_SSD.dir/C_/Users/Joao/.pico-sdk/sdk/2.1.1/src/rp2_common/hardware_ticks/ticks.c.obj
                0x10003178                tick_start
 .text.rom_func_lookup
                0x10003188       0x10 CMakeFiles/Usar_SSD.dir/C_/Users/Joao/.pico-sdk/sdk/2.1.1/src/rp2_common/pico_bootrom/bootrom.c.obj
                0x10003188                rom_func_lookup
 .text.rom_data_lookup
                0x10003198       0x10 CMakeFiles/Usar_SSD.dir/C_/Users/Joao/.pico-sdk/sdk/2.1.1/src/rp2_common/pico_bootrom/bootrom.c.obj
                0x10003198                rom_data_lookup
 .text.rom_funcs_lookup
                0x100031a8       0x44 CMakeFiles/Usar_SSD.dir/C_/Users/Joao/.pico-sdk/sdk/2.1.1/src/rp2_common/pico_bootrom/bootrom.c.obj
                0x100031a8                rom_funcs_lookup
 .text.rom_reset_usb_boot
                0x100031ec       0x1c CMakeFiles/Usar_SSD.dir/C_/Users/Joao/.pico-sdk/sdk/2.1.1/src/rp2_common/pico_bootrom/bootrom.c.obj
                0x100031ec                rom_reset_usb_boot
 .text.rom_reset_usb_boot_extra
                0x10003208       0x24 CMakeFiles/Usar_SSD.dir/C_/Users/Joao/.pico-sdk/sdk/2.1.1/src/rp2_common/pico_bootrom/bootrom.c.obj
                0x10003208                rom_reset_usb_boot_extra
 .text.xosc_init
                0x1000322c       0x28 CMakeFiles/Usar_SSD.dir/C_/Users/Joao/.pico-sdk/sdk/2.1.1/src/rp2_common/hardware_xosc/xosc.c.obj
                0x1000322c                xosc_init
 .text.first_per_core_initializer
                0x10003254        0x4 CMakeFiles/Usar_SSD.dir/C_/Users/Joao/.pico-sdk/sdk/2.1.1/src/rp2_common/pico_runtime/runtime.c.obj
 .text.hard_assertion_failure
                0x10003258        0xc CMakeFiles/Usar_SSD.dir/C_/Users/Joao/.pico-sdk/sdk/2.1.1/src/rp2_common/pico_runtime/runtime.c.obj
                0x10003258                hard_assertion_failure
 .text.runtime_run_initializers
                0x10003264       0x28 CMakeFiles/Usar_SSD.dir/C_/Users/Joao/.pico-sdk/sdk/2.1.1/src/rp2_common/pico_runtime/runtime.c.obj
                0x10003264                runtime_run_initializers
 .text.runtime_init_early_resets
                0x1000328c       0x2c CMakeFiles/Usar_SSD.dir/C_/Users/Joao/.pico-sdk/sdk/2.1.1/src/rp2_common/pico_runtime_init/runtime_init.c.obj
                0x1000328c                runtime_init_early_resets
 .text.runtime_init_usb_power_down
                0x100032b8       0x1c CMakeFiles/Usar_SSD.dir/C_/Users/Joao/.pico-sdk/sdk/2.1.1/src/rp2_common/pico_runtime_init/runtime_init.c.obj
                0x100032b8                runtime_init_usb_power_down
 .text.runtime_init_post_clock_resets
                0x100032d4       0x20 CMakeFiles/Usar_SSD.dir/C_/Users/Joao/.pico-sdk/sdk/2.1.1/src/rp2_common/pico_runtime_init/runtime_init.c.obj
                0x100032d4                runtime_init_post_clock_resets
 .text.runtime_init_rp2040_gpio_ie_disable
                0x100032f4       0x14 CMakeFiles/Usar_SSD.dir/C_/Users/Joao/.pico-sdk/sdk/2.1.1/src/rp2_common/pico_runtime_init/runtime_init.c.obj
                0x100032f4                runtime_init_rp2040_gpio_ie_disable
 .text.runtime_init_spin_locks_reset
                0x10003308        0x8 CMakeFiles/Usar_SSD.dir/C_/Users/Joao/.pico-sdk/sdk/2.1.1/src/rp2_common/pico_runtime_init/runtime_init.c.obj
                0x10003308                runtime_init_spin_locks_reset
 .text.runtime_init_install_ram_vector_table
                0x10003310       0x1c CMakeFiles/Usar_SSD.dir/C_/Users/Joao/.pico-sdk/sdk/2.1.1/src/rp2_common/pico_runtime_init/runtime_init.c.obj
                0x10003310                runtime_init_install_ram_vector_table
 .text.runtime_init_clocks
                0x1000332c       0xd8 CMakeFiles/Usar_SSD.dir/C_/Users/Joao/.pico-sdk/sdk/2.1.1/src/rp2_common/pico_runtime_init/runtime_init_clocks.c.obj
                0x1000332c                runtime_init_clocks
 .text          0x10003404       0x10 CMakeFiles/Usar_SSD.dir/C_/Users/Joao/.pico-sdk/sdk/2.1.1/src/rp2_common/pico_bit_ops/bit_ops_aeabi.S.obj
 .text.__wrap___aeabi_idiv
                0x10003414       0x50 CMakeFiles/Usar_SSD.dir/C_/Users/Joao/.pico-sdk/sdk/2.1.1/src/rp2_common/pico_divider/divider_hardware.S.obj
                0x10003414                __wrap___aeabi_idivmod
                0x10003414                divmod_s32s32
                0x10003414                div_s32s32
                0x10003414                __wrap___aeabi_idiv
                0x1000341c                divmod_s32s32_unsafe
                0x10003448                divmod_s32s32_savestate
 .text.__wrap___aeabi_uidiv
                0x10003464       0x4c CMakeFiles/Usar_SSD.dir/C_/Users/Joao/.pico-sdk/sdk/2.1.1/src/rp2_common/pico_divider/divider_hardware.S.obj
                0x10003464                __wrap___aeabi_uidiv
                0x10003464                __wrap___aeabi_uidivmod
                0x10003464                div_u32u32
                0x10003464                divmod_u32u32
                0x1000346c                divmod_u32u32_unsafe
                0x10003494                divmod_u32u32_savestate
 .text.__wrap___aeabi_ldiv
                0x100034b0      0x424 CMakeFiles/Usar_SSD.dir/C_/Users/Joao/.pico-sdk/sdk/2.1.1/src/rp2_common/pico_divider/divider_hardware.S.obj
                0x100034b0                div_s64s64
                0x100034b0                divmod_s64s64
                0x100034b0                __wrap___aeabi_ldivmod
                0x100034e0                divmod_u64u64
                0x100034e0                div_u64u64
                0x100034e0                __wrap___aeabi_uldivmod
                0x100034f0                divmod_u64u64_savestate
                0x10003510                divmod_s64s64_unsafe
                0x10003598                divmod_u64u64_unsafe
 .text.__wrap___aeabi_darithmetic
                0x100038d4       0x60 CMakeFiles/Usar_SSD.dir/C_/Users/Joao/.pico-sdk/sdk/2.1.1/src/rp2_common/pico_double/double_aeabi_rp2040.S.obj
                0x100038d4                __wrap___aeabi_drsub
                0x100038da                __wrap___aeabi_dsub
                0x100038e4                __wrap___aeabi_dadd
                0x100038ee                __wrap___aeabi_ddiv
                0x10003922                __wrap___aeabi_dmul
 .text.__wrap___aeabi_cdcmple
                0x10003934       0x6c CMakeFiles/Usar_SSD.dir/C_/Users/Joao/.pico-sdk/sdk/2.1.1/src/rp2_common/pico_double/double_aeabi_rp2040.S.obj
                0x10003934                __wrap___aeabi_cdrcmple
                0x10003944                __wrap___aeabi_cdcmpeq
                0x10003944                __wrap___aeabi_cdcmple
 .text.__wrap___aeabi_dcmplt
                0x100039a0        0xc CMakeFiles/Usar_SSD.dir/C_/Users/Joao/.pico-sdk/sdk/2.1.1/src/rp2_common/pico_double/double_aeabi_rp2040.S.obj
                0x100039a0                __wrap___aeabi_dcmplt
 .text.__wrap___aeabi_dcmple
                0x100039ac       0x10 CMakeFiles/Usar_SSD.dir/C_/Users/Joao/.pico-sdk/sdk/2.1.1/src/rp2_common/pico_double/double_aeabi_rp2040.S.obj
                0x100039ac                __wrap___aeabi_dcmple
 .text.__wrap___aeabi_dcmpge
                0x100039bc       0x10 CMakeFiles/Usar_SSD.dir/C_/Users/Joao/.pico-sdk/sdk/2.1.1/src/rp2_common/pico_double/double_aeabi_rp2040.S.obj
                0x100039bc                __wrap___aeabi_dcmpge
 .text.__wrap___aeabi_dcmpgt
                0x100039cc        0xa CMakeFiles/Usar_SSD.dir/C_/Users/Joao/.pico-sdk/sdk/2.1.1/src/rp2_common/pico_double/double_aeabi_rp2040.S.obj
                0x100039cc                __wrap___aeabi_dcmpgt
 .text.__wrap___aeabi_dcmpun
                0x100039d6       0x18 CMakeFiles/Usar_SSD.dir/C_/Users/Joao/.pico-sdk/sdk/2.1.1/src/rp2_common/pico_double/double_aeabi_rp2040.S.obj
                0x100039d6                __wrap___aeabi_dcmpun
 *fill*         0x100039ee        0x2 
 .text.__wrap___aeabi_i2d
                0x100039f0       0x38 CMakeFiles/Usar_SSD.dir/C_/Users/Joao/.pico-sdk/sdk/2.1.1/src/rp2_common/pico_double/double_aeabi_rp2040.S.obj
                0x100039f0                uint2double
                0x100039f0                __wrap___aeabi_ui2d
                0x100039f8                int2double
                0x100039f8                __wrap___aeabi_i2d
 .text.__wrap___aeabi_d2iz
                0x10003a28       0x48 CMakeFiles/Usar_SSD.dir/C_/Users/Joao/.pico-sdk/sdk/2.1.1/src/rp2_common/pico_double/double_aeabi_rp2040.S.obj
                0x10003a28                double2int_z
                0x10003a28                __wrap___aeabi_d2iz
 .text.__wrap___aeabi_d2uiz
                0x10003a70       0x10 CMakeFiles/Usar_SSD.dir/C_/Users/Joao/.pico-sdk/sdk/2.1.1/src/rp2_common/pico_double/double_aeabi_rp2040.S.obj
                0x10003a70                double2uint
                0x10003a70                __wrap___aeabi_d2uiz
                0x10003a70                double2uint_z
 .text.missing_double_func_shim
                0x10003a80        0xc CMakeFiles/Usar_SSD.dir/C_/Users/Joao/.pico-sdk/sdk/2.1.1/src/rp2_common/pico_double/double_init_rom_rp2040.c.obj
 .text.__aeabi_double_init
                0x10003a8c       0xa0 CMakeFiles/Usar_SSD.dir/C_/Users/Joao/.pico-sdk/sdk/2.1.1/src/rp2_common/pico_double/double_init_rom_rp2040.c.obj
                0x10003a8c                __aeabi_double_init
 .text.double_table_shim_on_use_helper
                0x10003b2c       0x2c CMakeFiles/Usar_SSD.dir/C_/Users/Joao/.pico-sdk/sdk/2.1.1/src/rp2_common/pico_double/double_v1_rom_shim_rp2040.S.obj
                0x10003b2c                double_table_shim_on_use_helper
 .text.__aeabi_lmul
                0x10003b58       0x32 CMakeFiles/Usar_SSD.dir/C_/Users/Joao/.pico-sdk/sdk/2.1.1/src/rp2_common/pico_int64_ops/pico_int64_ops_aeabi.S.obj
                0x10003b58                __wrap___aeabi_lmul
 *fill*         0x10003b8a        0x2 
 .text.missing_float_func_shim
                0x10003b8c        0xc CMakeFiles/Usar_SSD.dir/C_/Users/Joao/.pico-sdk/sdk/2.1.1/src/rp2_common/pico_float/float_init_rom_rp2040.c.obj
 .text.__aeabi_float_init
                0x10003b98       0x5c CMakeFiles/Usar_SSD.dir/C_/Users/Joao/.pico-sdk/sdk/2.1.1/src/rp2_common/pico_float/float_init_rom_rp2040.c.obj
                0x10003b98                __aeabi_float_init
 .text.__wrap_malloc
                0x10003bf4       0x24 CMakeFiles/Usar_SSD.dir/C_/Users/Joao/.pico-sdk/sdk/2.1.1/src/rp2_common/pico_malloc/malloc.c.obj
                0x10003bf4                __wrap_malloc
 .text.__wrap_calloc
                0x10003c18       0x28 CMakeFiles/Usar_SSD.dir/C_/Users/Joao/.pico-sdk/sdk/2.1.1/src/rp2_common/pico_malloc/malloc.c.obj
                0x10003c18                __wrap_calloc
 .text.__wrap_free
                0x10003c40        0x8 CMakeFiles/Usar_SSD.dir/C_/Users/Joao/.pico-sdk/sdk/2.1.1/src/rp2_common/pico_malloc/malloc.c.obj
                0x10003c40                __wrap_free
 .text          0x10003c48       0x10 CMakeFiles/Usar_SSD.dir/C_/Users/Joao/.pico-sdk/sdk/2.1.1/src/rp2_common/pico_mem_ops/mem_ops_aeabi.S.obj
                0x10003c48                __aeabi_mem_init
 .text.memset   0x10003c58        0xc CMakeFiles/Usar_SSD.dir/C_/Users/Joao/.pico-sdk/sdk/2.1.1/src/rp2_common/pico_mem_ops/mem_ops_aeabi.S.obj
                0x10003c58                __wrap_memset
 .text.memcpy   0x10003c64        0xc CMakeFiles/Usar_SSD.dir/C_/Users/Joao/.pico-sdk/sdk/2.1.1/src/rp2_common/pico_mem_ops/mem_ops_aeabi.S.obj
                0x10003c64                __wrap_memcpy
                0x10003c64                __wrap___aeabi_memcpy
 .text._out_buffer
                0x10003c70        0x8 CMakeFiles/Usar_SSD.dir/C_/Users/Joao/.pico-sdk/sdk/2.1.1/src/rp2_common/pico_printf/printf.c.obj
 .text._out_null
                0x10003c78        0x4 CMakeFiles/Usar_SSD.dir/C_/Users/Joao/.pico-sdk/sdk/2.1.1/src/rp2_common/pico_printf/printf.c.obj
 .text._out_rev
                0x10003c7c       0xac CMakeFiles/Usar_SSD.dir/C_/Users/Joao/.pico-sdk/sdk/2.1.1/src/rp2_common/pico_printf/printf.c.obj
 .text._ntoa_format
                0x10003d28      0x1cc CMakeFiles/Usar_SSD.dir/C_/Users/Joao/.pico-sdk/sdk/2.1.1/src/rp2_common/pico_printf/printf.c.obj
 .text._out_char
                0x10003ef4       0x10 CMakeFiles/Usar_SSD.dir/C_/Users/Joao/.pico-sdk/sdk/2.1.1/src/rp2_common/pico_printf/printf.c.obj
 .text._out_fct
                0x10003f04       0x10 CMakeFiles/Usar_SSD.dir/C_/Users/Joao/.pico-sdk/sdk/2.1.1/src/rp2_common/pico_printf/printf.c.obj
 .text._ftoa    0x10003f14      0x4a8 CMakeFiles/Usar_SSD.dir/C_/Users/Joao/.pico-sdk/sdk/2.1.1/src/rp2_common/pico_printf/printf.c.obj
 .text._etoa    0x100043bc      0x57c CMakeFiles/Usar_SSD.dir/C_/Users/Joao/.pico-sdk/sdk/2.1.1/src/rp2_common/pico_printf/printf.c.obj
 .text._vsnprintf
                0x10004938      0xbe0 CMakeFiles/Usar_SSD.dir/C_/Users/Joao/.pico-sdk/sdk/2.1.1/src/rp2_common/pico_printf/printf.c.obj
 .text.__wrap_sprintf
                0x10005518       0x2c CMakeFiles/Usar_SSD.dir/C_/Users/Joao/.pico-sdk/sdk/2.1.1/src/rp2_common/pico_printf/printf.c.obj
                0x10005518                __wrap_sprintf
 .text.vfctprintf
                0x10005544       0x24 CMakeFiles/Usar_SSD.dir/C_/Users/Joao/.pico-sdk/sdk/2.1.1/src/rp2_common/pico_printf/printf.c.obj
                0x10005544                vfctprintf
 .text.weak_raw_vprintf
                0x10005568       0x30 CMakeFiles/Usar_SSD.dir/C_/Users/Joao/.pico-sdk/sdk/2.1.1/src/rp2_common/pico_printf/printf.c.obj
                0x10005568                weak_raw_vprintf
 .text._exit    0x10005598        0x4 CMakeFiles/Usar_SSD.dir/C_/Users/Joao/.pico-sdk/sdk/2.1.1/src/rp2_common/pico_clib_interface/newlib_interface.c.obj
                0x10005598                _exit
 .text._sbrk    0x1000559c       0x34 CMakeFiles/Usar_SSD.dir/C_/Users/Joao/.pico-sdk/sdk/2.1.1/src/rp2_common/pico_clib_interface/newlib_interface.c.obj
                0x1000559c                _sbrk
 .text.exit     0x100055d0        0x8 CMakeFiles/Usar_SSD.dir/C_/Users/Joao/.pico-sdk/sdk/2.1.1/src/rp2_common/pico_clib_interface/newlib_interface.c.obj
                0x100055d0                exit
 .text.runtime_init
                0x100055d8       0x2c CMakeFiles/Usar_SSD.dir/C_/Users/Joao/.pico-sdk/sdk/2.1.1/src/rp2_common/pico_clib_interface/newlib_interface.c.obj
                0x100055d8                runtime_init
 .text.stdio_out_chars_no_crlf
                0x10005604       0x10 CMakeFiles/Usar_SSD.dir/C_/Users/Joao/.pico-sdk/sdk/2.1.1/src/rp2_common/pico_stdio/stdio.c.obj
 .text.stdio_out_chars_crlf
                0x10005614       0xb0 CMakeFiles/Usar_SSD.dir/C_/Users/Joao/.pico-sdk/sdk/2.1.1/src/rp2_common/pico_stdio/stdio.c.obj
 .text.stdio_buffered_printer
                0x100056c4       0x64 CMakeFiles/Usar_SSD.dir/C_/Users/Joao/.pico-sdk/sdk/2.1.1/src/rp2_common/pico_stdio/stdio.c.obj
 .text.stdio_put_string
                0x10005728       0xfc CMakeFiles/Usar_SSD.dir/C_/Users/Joao/.pico-sdk/sdk/2.1.1/src/rp2_common/pico_stdio/stdio.c.obj
                0x10005728                stdio_put_string
 .text.stdio_set_driver_enabled
                0x10005824       0x30 CMakeFiles/Usar_SSD.dir/C_/Users/Joao/.pico-sdk/sdk/2.1.1/src/rp2_common/pico_stdio/stdio.c.obj
                0x10005824                stdio_set_driver_enabled
 .text.stdio_flush
                0x10005854       0x28 CMakeFiles/Usar_SSD.dir/C_/Users/Joao/.pico-sdk/sdk/2.1.1/src/rp2_common/pico_stdio/stdio.c.obj
                0x10005854                stdio_flush
 .text.stdio_init_all
                0x1000587c        0x8 CMakeFiles/Usar_SSD.dir/C_/Users/Joao/.pico-sdk/sdk/2.1.1/src/rp2_common/pico_stdio/stdio.c.obj
                0x1000587c                stdio_init_all
 .text.stdio_getchar_timeout_us
                0x10005884       0x98 CMakeFiles/Usar_SSD.dir/C_/Users/Joao/.pico-sdk/sdk/2.1.1/src/rp2_common/pico_stdio/stdio.c.obj
                0x10005884                stdio_getchar_timeout_us
 .text.__wrap_putchar
                0x1000591c       0x94 CMakeFiles/Usar_SSD.dir/C_/Users/Joao/.pico-sdk/sdk/2.1.1/src/rp2_common/pico_stdio/stdio.c.obj
                0x1000591c                __wrap_putchar
                0x1000591c                stdio_putchar
 .text.__wrap_puts
                0x100059b0       0x3c CMakeFiles/Usar_SSD.dir/C_/Users/Joao/.pico-sdk/sdk/2.1.1/src/rp2_common/pico_stdio/stdio.c.obj
                0x100059b0                stdio_puts
                0x100059b0                __wrap_puts
 .text.__wrap_vprintf
                0x100059ec       0xcc CMakeFiles/Usar_SSD.dir/C_/Users/Joao/.pico-sdk/sdk/2.1.1/src/rp2_common/pico_stdio/stdio.c.obj
                0x100059ec                stdio_vprintf
                0x100059ec                __wrap_vprintf
 .text.__wrap_printf
                0x10005ab8       0x18 CMakeFiles/Usar_SSD.dir/C_/Users/Joao/.pico-sdk/sdk/2.1.1/src/rp2_common/pico_stdio/stdio.c.obj
                0x10005ab8                __wrap_printf
                0x10005ab8                stdio_printf
 .text.resetd_init
                0x10005ad0        0x4 CMakeFiles/Usar_SSD.dir/C_/Users/Joao/.pico-sdk/sdk/2.1.1/src/rp2_common/pico_stdio_usb/reset_interface.c.obj
 .text.resetd_reset
                0x10005ad4        0xc CMakeFiles/Usar_SSD.dir/C_/Users/Joao/.pico-sdk/sdk/2.1.1/src/rp2_common/pico_stdio_usb/reset_interface.c.obj
 .text.resetd_open
                0x10005ae0       0x28 CMakeFiles/Usar_SSD.dir/C_/Users/Joao/.pico-sdk/sdk/2.1.1/src/rp2_common/pico_stdio_usb/reset_interface.c.obj
 .text.resetd_xfer_cb
                0x10005b08        0x4 CMakeFiles/Usar_SSD.dir/C_/Users/Joao/.pico-sdk/sdk/2.1.1/src/rp2_common/pico_stdio_usb/reset_interface.c.obj
 .text.resetd_control_xfer_cb
                0x10005b0c       0x54 CMakeFiles/Usar_SSD.dir/C_/Users/Joao/.pico-sdk/sdk/2.1.1/src/rp2_common/pico_stdio_usb/reset_interface.c.obj
 .text.tud_descriptor_bos_cb
                0x10005b60        0x8 CMakeFiles/Usar_SSD.dir/C_/Users/Joao/.pico-sdk/sdk/2.1.1/src/rp2_common/pico_stdio_usb/reset_interface.c.obj
                0x10005b60                tud_descriptor_bos_cb
 .text.tud_vendor_control_xfer_cb
                0x10005b68       0x34 CMakeFiles/Usar_SSD.dir/C_/Users/Joao/.pico-sdk/sdk/2.1.1/src/rp2_common/pico_stdio_usb/reset_interface.c.obj
                0x10005b68                tud_vendor_control_xfer_cb
 .text.usbd_app_driver_get_cb
                0x10005b9c        0xc CMakeFiles/Usar_SSD.dir/C_/Users/Joao/.pico-sdk/sdk/2.1.1/src/rp2_common/pico_stdio_usb/reset_interface.c.obj
                0x10005b9c                usbd_app_driver_get_cb
 .text.tud_cdc_line_coding_cb
                0x10005ba8       0x2c CMakeFiles/Usar_SSD.dir/C_/Users/Joao/.pico-sdk/sdk/2.1.1/src/rp2_common/pico_stdio_usb/reset_interface.c.obj
                0x10005ba8                tud_cdc_line_coding_cb
 .text.stdio_usb_set_chars_available_callback
                0x10005bd4       0x14 CMakeFiles/Usar_SSD.dir/C_/Users/Joao/.pico-sdk/sdk/2.1.1/src/rp2_common/pico_stdio_usb/stdio_usb.c.obj
                0x10005bd4                stdio_usb_set_chars_available_callback
 .text.usb_irq  0x10005be8       0x10 CMakeFiles/Usar_SSD.dir/C_/Users/Joao/.pico-sdk/sdk/2.1.1/src/rp2_common/pico_stdio_usb/stdio_usb.c.obj
 .text.timer_task
                0x10005bf8       0x64 CMakeFiles/Usar_SSD.dir/C_/Users/Joao/.pico-sdk/sdk/2.1.1/src/rp2_common/pico_stdio_usb/stdio_usb.c.obj
 .text.stdio_usb_in_chars
                0x10005c5c       0x8c CMakeFiles/Usar_SSD.dir/C_/Users/Joao/.pico-sdk/sdk/2.1.1/src/rp2_common/pico_stdio_usb/stdio_usb.c.obj
                0x10005c5c                stdio_usb_in_chars
 .text.stdio_usb_out_flush
                0x10005ce8       0x4c CMakeFiles/Usar_SSD.dir/C_/Users/Joao/.pico-sdk/sdk/2.1.1/src/rp2_common/pico_stdio_usb/stdio_usb.c.obj
 .text.stdio_usb_out_chars
                0x10005d34      0x100 CMakeFiles/Usar_SSD.dir/C_/Users/Joao/.pico-sdk/sdk/2.1.1/src/rp2_common/pico_stdio_usb/stdio_usb.c.obj
 .text.low_priority_worker_irq
                0x10005e34       0xc8 CMakeFiles/Usar_SSD.dir/C_/Users/Joao/.pico-sdk/sdk/2.1.1/src/rp2_common/pico_stdio_usb/stdio_usb.c.obj
 .text.stdio_usb_init
                0x10005efc       0xe8 CMakeFiles/Usar_SSD.dir/C_/Users/Joao/.pico-sdk/sdk/2.1.1/src/rp2_common/pico_stdio_usb/stdio_usb.c.obj
                0x10005efc                stdio_usb_init
 .text.tud_descriptor_device_cb
                0x10005fe4        0x8 CMakeFiles/Usar_SSD.dir/C_/Users/Joao/.pico-sdk/sdk/2.1.1/src/rp2_common/pico_stdio_usb/stdio_usb_descriptors.c.obj
                0x10005fe4                tud_descriptor_device_cb
 .text.tud_descriptor_configuration_cb
                0x10005fec        0x8 CMakeFiles/Usar_SSD.dir/C_/Users/Joao/.pico-sdk/sdk/2.1.1/src/rp2_common/pico_stdio_usb/stdio_usb_descriptors.c.obj
                0x10005fec                tud_descriptor_configuration_cb
 .text.tud_descriptor_string_cb
                0x10005ff4       0x78 CMakeFiles/Usar_SSD.dir/C_/Users/Joao/.pico-sdk/sdk/2.1.1/src/rp2_common/pico_stdio_usb/stdio_usb_descriptors.c.obj
                0x10005ff4                tud_descriptor_string_cb
 .text.startup._retrieve_unique_id_on_boot
                0x1000606c       0x10 CMakeFiles/Usar_SSD.dir/C_/Users/Joao/.pico-sdk/sdk/2.1.1/src/rp2_common/pico_unique_id/unique_id.c.obj
 .text.pico_get_unique_board_id_string
                0x1000607c      0x1a8 CMakeFiles/Usar_SSD.dir/C_/Users/Joao/.pico-sdk/sdk/2.1.1/src/rp2_common/pico_unique_id/unique_id.c.obj
                0x1000607c                pico_get_unique_board_id_string
 .text.flash_get_unique_id
                0x10006224       0x3c CMakeFiles/Usar_SSD.dir/C_/Users/Joao/.pico-sdk/sdk/2.1.1/src/rp2_common/hardware_flash/flash.c.obj
                0x10006224                flash_get_unique_id
 .text.dcd_init
                0x10006260       0x90 CMakeFiles/Usar_SSD.dir/C_/Users/Joao/.pico-sdk/sdk/2.1.1/lib/tinyusb/src/portable/raspberrypi/rp2040/dcd_rp2040.c.obj
                0x10006260                dcd_init
 .text.dcd_int_enable
                0x100062f0        0xc CMakeFiles/Usar_SSD.dir/C_/Users/Joao/.pico-sdk/sdk/2.1.1/lib/tinyusb/src/portable/raspberrypi/rp2040/dcd_rp2040.c.obj
                0x100062f0                dcd_int_enable
 .text.dcd_set_address
                0x100062fc       0x14 CMakeFiles/Usar_SSD.dir/C_/Users/Joao/.pico-sdk/sdk/2.1.1/lib/tinyusb/src/portable/raspberrypi/rp2040/dcd_rp2040.c.obj
                0x100062fc                dcd_set_address
 .text.dcd_sof_enable
                0x10006310       0x1c CMakeFiles/Usar_SSD.dir/C_/Users/Joao/.pico-sdk/sdk/2.1.1/lib/tinyusb/src/portable/raspberrypi/rp2040/dcd_rp2040.c.obj
                0x10006310                dcd_sof_enable
 .text.dcd_edpt0_status_complete
                0x1000632c       0x1c CMakeFiles/Usar_SSD.dir/C_/Users/Joao/.pico-sdk/sdk/2.1.1/lib/tinyusb/src/portable/raspberrypi/rp2040/dcd_rp2040.c.obj
                0x1000632c                dcd_edpt0_status_complete
 .text.dcd_edpt_open
                0x10006348      0x114 CMakeFiles/Usar_SSD.dir/C_/Users/Joao/.pico-sdk/sdk/2.1.1/lib/tinyusb/src/portable/raspberrypi/rp2040/dcd_rp2040.c.obj
                0x10006348                dcd_edpt_open
 .text.dcd_edpt_close_all
                0x1000645c        0x8 CMakeFiles/Usar_SSD.dir/C_/Users/Joao/.pico-sdk/sdk/2.1.1/lib/tinyusb/src/portable/raspberrypi/rp2040/dcd_rp2040.c.obj
                0x1000645c                dcd_edpt_close_all
 .text.dcd_edpt_xfer
                0x10006464       0x24 CMakeFiles/Usar_SSD.dir/C_/Users/Joao/.pico-sdk/sdk/2.1.1/lib/tinyusb/src/portable/raspberrypi/rp2040/dcd_rp2040.c.obj
                0x10006464                dcd_edpt_xfer
 .text.dcd_edpt_stall
                0x10006488       0x3c CMakeFiles/Usar_SSD.dir/C_/Users/Joao/.pico-sdk/sdk/2.1.1/lib/tinyusb/src/portable/raspberrypi/rp2040/dcd_rp2040.c.obj
                0x10006488                dcd_edpt_stall
 .text.dcd_edpt_clear_stall
                0x100064c4       0x30 CMakeFiles/Usar_SSD.dir/C_/Users/Joao/.pico-sdk/sdk/2.1.1/lib/tinyusb/src/portable/raspberrypi/rp2040/dcd_rp2040.c.obj
                0x100064c4                dcd_edpt_clear_stall
 .text.rp2040_usb_init
                0x100064f4       0x40 CMakeFiles/Usar_SSD.dir/C_/Users/Joao/.pico-sdk/sdk/2.1.1/lib/tinyusb/src/portable/raspberrypi/rp2040/rp2040_usb.c.obj
                0x100064f4                rp2040_usb_init
 .text.hw_endpoint_xfer_start
                0x10006534       0x40 CMakeFiles/Usar_SSD.dir/C_/Users/Joao/.pico-sdk/sdk/2.1.1/lib/tinyusb/src/portable/raspberrypi/rp2040/rp2040_usb.c.obj
                0x10006534                hw_endpoint_xfer_start
 .text.tud_event_hook_cb
                0x10006574        0x4 CMakeFiles/Usar_SSD.dir/C_/Users/Joao/.pico-sdk/sdk/2.1.1/lib/tinyusb/src/device/usbd.c.obj
                0x10006574                tud_event_hook_cb
 .text.tud_sof_cb
                0x10006578        0x4 CMakeFiles/Usar_SSD.dir/C_/Users/Joao/.pico-sdk/sdk/2.1.1/lib/tinyusb/src/device/usbd.c.obj
                0x10006578                tud_sof_cb
 .text.tud_descriptor_device_qualifier_cb
                0x1000657c        0x4 CMakeFiles/Usar_SSD.dir/C_/Users/Joao/.pico-sdk/sdk/2.1.1/lib/tinyusb/src/device/usbd.c.obj
                0x1000657c                tud_descriptor_device_qualifier_cb
 .text.tud_descriptor_other_speed_configuration_cb
                0x10006580        0x4 CMakeFiles/Usar_SSD.dir/C_/Users/Joao/.pico-sdk/sdk/2.1.1/lib/tinyusb/src/device/usbd.c.obj
                0x10006580                tud_descriptor_other_speed_configuration_cb
 .text.tud_mount_cb
                0x10006584        0x4 CMakeFiles/Usar_SSD.dir/C_/Users/Joao/.pico-sdk/sdk/2.1.1/lib/tinyusb/src/device/usbd.c.obj
                0x10006584                tud_mount_cb
 .text.tud_umount_cb
                0x10006588        0x4 CMakeFiles/Usar_SSD.dir/C_/Users/Joao/.pico-sdk/sdk/2.1.1/lib/tinyusb/src/device/usbd.c.obj
                0x10006588                tud_umount_cb
 .text.tud_suspend_cb
                0x1000658c        0x4 CMakeFiles/Usar_SSD.dir/C_/Users/Joao/.pico-sdk/sdk/2.1.1/lib/tinyusb/src/device/usbd.c.obj
                0x1000658c                tud_suspend_cb
 .text.tud_resume_cb
                0x10006590        0x4 CMakeFiles/Usar_SSD.dir/C_/Users/Joao/.pico-sdk/sdk/2.1.1/lib/tinyusb/src/device/usbd.c.obj
                0x10006590                tud_resume_cb
 .text.tud_mounted
                0x10006594       0x10 CMakeFiles/Usar_SSD.dir/C_/Users/Joao/.pico-sdk/sdk/2.1.1/lib/tinyusb/src/device/usbd.c.obj
                0x10006594                tud_mounted
 .text.tud_suspended
                0x100065a4       0x10 CMakeFiles/Usar_SSD.dir/C_/Users/Joao/.pico-sdk/sdk/2.1.1/lib/tinyusb/src/device/usbd.c.obj
                0x100065a4                tud_suspended
 .text.tud_rhport_init
                0x100065b4       0xf4 CMakeFiles/Usar_SSD.dir/C_/Users/Joao/.pico-sdk/sdk/2.1.1/lib/tinyusb/src/device/usbd.c.obj
                0x100065b4                tud_rhport_init
 .text.tud_task_ext
                0x100066a8      0x800 CMakeFiles/Usar_SSD.dir/C_/Users/Joao/.pico-sdk/sdk/2.1.1/lib/tinyusb/src/device/usbd.c.obj
                0x100066a8                tud_task_ext
 .text.usbd_open_edpt_pair
                0x10006ea8       0x9c CMakeFiles/Usar_SSD.dir/C_/Users/Joao/.pico-sdk/sdk/2.1.1/lib/tinyusb/src/device/usbd.c.obj
                0x10006ea8                usbd_open_edpt_pair
 .text.usbd_edpt_open
                0x10006f44       0x34 CMakeFiles/Usar_SSD.dir/C_/Users/Joao/.pico-sdk/sdk/2.1.1/lib/tinyusb/src/device/usbd.c.obj
                0x10006f44                usbd_edpt_open
 .text.usbd_edpt_claim
                0x10006f78       0x28 CMakeFiles/Usar_SSD.dir/C_/Users/Joao/.pico-sdk/sdk/2.1.1/lib/tinyusb/src/device/usbd.c.obj
                0x10006f78                usbd_edpt_claim
 .text.usbd_edpt_release
                0x10006fa0       0x28 CMakeFiles/Usar_SSD.dir/C_/Users/Joao/.pico-sdk/sdk/2.1.1/lib/tinyusb/src/device/usbd.c.obj
                0x10006fa0                usbd_edpt_release
 .text.usbd_edpt_xfer
                0x10006fc8       0x4c CMakeFiles/Usar_SSD.dir/C_/Users/Joao/.pico-sdk/sdk/2.1.1/lib/tinyusb/src/device/usbd.c.obj
                0x10006fc8                usbd_edpt_xfer
 .text.tud_control_status
                0x10007014       0x2c CMakeFiles/Usar_SSD.dir/C_/Users/Joao/.pico-sdk/sdk/2.1.1/lib/tinyusb/src/device/usbd_control.c.obj
                0x10007014                tud_control_status
 .text.tud_control_xfer
                0x10007040       0xa8 CMakeFiles/Usar_SSD.dir/C_/Users/Joao/.pico-sdk/sdk/2.1.1/lib/tinyusb/src/device/usbd_control.c.obj
                0x10007040                tud_control_xfer
 .text.usbd_control_reset
                0x100070e8       0x14 CMakeFiles/Usar_SSD.dir/C_/Users/Joao/.pico-sdk/sdk/2.1.1/lib/tinyusb/src/device/usbd_control.c.obj
                0x100070e8                usbd_control_reset
 .text.usbd_control_set_complete_callback
                0x100070fc        0xc CMakeFiles/Usar_SSD.dir/C_/Users/Joao/.pico-sdk/sdk/2.1.1/lib/tinyusb/src/device/usbd_control.c.obj
                0x100070fc                usbd_control_set_complete_callback
 .text.usbd_control_set_request
                0x10007108       0x1c CMakeFiles/Usar_SSD.dir/C_/Users/Joao/.pico-sdk/sdk/2.1.1/lib/tinyusb/src/device/usbd_control.c.obj
                0x10007108                usbd_control_set_request
 .text.usbd_control_xfer_cb
                0x10007124       0xec CMakeFiles/Usar_SSD.dir/C_/Users/Joao/.pico-sdk/sdk/2.1.1/lib/tinyusb/src/device/usbd_control.c.obj
                0x10007124                usbd_control_xfer_cb
 .text._prep_out_transaction.isra.0
                0x10007210       0x6c CMakeFiles/Usar_SSD.dir/C_/Users/Joao/.pico-sdk/sdk/2.1.1/lib/tinyusb/src/class/cdc/cdc_device.c.obj
 .text.tud_cdc_n_connected
                0x1000727c       0x2c CMakeFiles/Usar_SSD.dir/C_/Users/Joao/.pico-sdk/sdk/2.1.1/lib/tinyusb/src/class/cdc/cdc_device.c.obj
                0x1000727c                tud_cdc_n_connected
 .text.tud_cdc_n_available
                0x100072a8       0x14 CMakeFiles/Usar_SSD.dir/C_/Users/Joao/.pico-sdk/sdk/2.1.1/lib/tinyusb/src/class/cdc/cdc_device.c.obj
                0x100072a8                tud_cdc_n_available
 .text.tud_cdc_n_read
                0x100072bc       0x88 CMakeFiles/Usar_SSD.dir/C_/Users/Joao/.pico-sdk/sdk/2.1.1/lib/tinyusb/src/class/cdc/cdc_device.c.obj
                0x100072bc                tud_cdc_n_read
 .text.tud_cdc_n_write_flush
                0x10007344       0x74 CMakeFiles/Usar_SSD.dir/C_/Users/Joao/.pico-sdk/sdk/2.1.1/lib/tinyusb/src/class/cdc/cdc_device.c.obj
                0x10007344                tud_cdc_n_write_flush
 .text.tud_cdc_n_write
                0x100073b8       0x40 CMakeFiles/Usar_SSD.dir/C_/Users/Joao/.pico-sdk/sdk/2.1.1/lib/tinyusb/src/class/cdc/cdc_device.c.obj
                0x100073b8                tud_cdc_n_write
 .text.tud_cdc_n_write_available
                0x100073f8       0x14 CMakeFiles/Usar_SSD.dir/C_/Users/Joao/.pico-sdk/sdk/2.1.1/lib/tinyusb/src/class/cdc/cdc_device.c.obj
                0x100073f8                tud_cdc_n_write_available
 .text.cdcd_init
                0x1000740c       0x70 CMakeFiles/Usar_SSD.dir/C_/Users/Joao/.pico-sdk/sdk/2.1.1/lib/tinyusb/src/class/cdc/cdc_device.c.obj
                0x1000740c                cdcd_init
 .text.cdcd_deinit
                0x1000747c       0x30 CMakeFiles/Usar_SSD.dir/C_/Users/Joao/.pico-sdk/sdk/2.1.1/lib/tinyusb/src/class/cdc/cdc_device.c.obj
                0x1000747c                cdcd_deinit
 .text.cdcd_reset
                0x100074ac       0x4c CMakeFiles/Usar_SSD.dir/C_/Users/Joao/.pico-sdk/sdk/2.1.1/lib/tinyusb/src/class/cdc/cdc_device.c.obj
                0x100074ac                cdcd_reset
 .text.cdcd_open
                0x100074f8       0xa4 CMakeFiles/Usar_SSD.dir/C_/Users/Joao/.pico-sdk/sdk/2.1.1/lib/tinyusb/src/class/cdc/cdc_device.c.obj
                0x100074f8                cdcd_open
 .text.cdcd_control_xfer_cb
                0x1000759c       0xe8 CMakeFiles/Usar_SSD.dir/C_/Users/Joao/.pico-sdk/sdk/2.1.1/lib/tinyusb/src/class/cdc/cdc_device.c.obj
                0x1000759c                cdcd_control_xfer_cb
 .text.cdcd_xfer_cb
                0x10007684      0x100 CMakeFiles/Usar_SSD.dir/C_/Users/Joao/.pico-sdk/sdk/2.1.1/lib/tinyusb/src/class/cdc/cdc_device.c.obj
                0x10007684                cdcd_xfer_cb
 .text.vendord_init
                0x10007784       0x5c CMakeFiles/Usar_SSD.dir/C_/Users/Joao/.pico-sdk/sdk/2.1.1/lib/tinyusb/src/class/vendor/vendor_device.c.obj
                0x10007784                vendord_init
 .text.vendord_deinit
                0x100077e0       0x1c CMakeFiles/Usar_SSD.dir/C_/Users/Joao/.pico-sdk/sdk/2.1.1/lib/tinyusb/src/class/vendor/vendor_device.c.obj
                0x100077e0                vendord_deinit
 .text.vendord_reset
                0x100077fc       0x28 CMakeFiles/Usar_SSD.dir/C_/Users/Joao/.pico-sdk/sdk/2.1.1/lib/tinyusb/src/class/vendor/vendor_device.c.obj
                0x100077fc                vendord_reset
 .text.vendord_open
                0x10007824      0x120 CMakeFiles/Usar_SSD.dir/C_/Users/Joao/.pico-sdk/sdk/2.1.1/lib/tinyusb/src/class/vendor/vendor_device.c.obj
                0x10007824                vendord_open
 .text.vendord_xfer_cb
                0x10007944       0x9c CMakeFiles/Usar_SSD.dir/C_/Users/Joao/.pico-sdk/sdk/2.1.1/lib/tinyusb/src/class/vendor/vendor_device.c.obj
                0x10007944                vendord_xfer_cb
 .text.tusb_rhport_init
                0x100079e0       0x4c CMakeFiles/Usar_SSD.dir/C_/Users/Joao/.pico-sdk/sdk/2.1.1/lib/tinyusb/src/tusb.c.obj
                0x100079e0                tusb_rhport_init
 .text.tu_edpt_claim
                0x10007a2c       0x50 CMakeFiles/Usar_SSD.dir/C_/Users/Joao/.pico-sdk/sdk/2.1.1/lib/tinyusb/src/tusb.c.obj
                0x10007a2c                tu_edpt_claim
 .text.tu_edpt_release
                0x10007a7c       0x38 CMakeFiles/Usar_SSD.dir/C_/Users/Joao/.pico-sdk/sdk/2.1.1/lib/tinyusb/src/tusb.c.obj
                0x10007a7c                tu_edpt_release
 .text.tu_edpt_validate
                0x10007ab4       0x7c CMakeFiles/Usar_SSD.dir/C_/Users/Joao/.pico-sdk/sdk/2.1.1/lib/tinyusb/src/tusb.c.obj
                0x10007ab4                tu_edpt_validate
 .text.tu_edpt_bind_driver
                0x10007b30       0x34 CMakeFiles/Usar_SSD.dir/C_/Users/Joao/.pico-sdk/sdk/2.1.1/lib/tinyusb/src/tusb.c.obj
                0x10007b30                tu_edpt_bind_driver
 .text.tu_edpt_stream_init
                0x10007b64       0x6c CMakeFiles/Usar_SSD.dir/C_/Users/Joao/.pico-sdk/sdk/2.1.1/lib/tinyusb/src/tusb.c.obj
                0x10007b64                tu_edpt_stream_init
 .text.tu_edpt_stream_deinit
                0x10007bd0        0x4 CMakeFiles/Usar_SSD.dir/C_/Users/Joao/.pico-sdk/sdk/2.1.1/lib/tinyusb/src/tusb.c.obj
                0x10007bd0                tu_edpt_stream_deinit
 .text.tu_edpt_stream_write_zlp_if_needed
                0x10007bd4       0x68 CMakeFiles/Usar_SSD.dir/C_/Users/Joao/.pico-sdk/sdk/2.1.1/lib/tinyusb/src/tusb.c.obj
                0x10007bd4                tu_edpt_stream_write_zlp_if_needed
 .text.tu_edpt_stream_write_xfer
                0x10007c3c       0x68 CMakeFiles/Usar_SSD.dir/C_/Users/Joao/.pico-sdk/sdk/2.1.1/lib/tinyusb/src/tusb.c.obj
                0x10007c3c                tu_edpt_stream_write_xfer
 .text.tu_edpt_stream_read_xfer
                0x10007ca4       0xd8 CMakeFiles/Usar_SSD.dir/C_/Users/Joao/.pico-sdk/sdk/2.1.1/lib/tinyusb/src/tusb.c.obj
                0x10007ca4                tu_edpt_stream_read_xfer
 .text.tu_fifo_config
                0x10007d7c       0x6c CMakeFiles/Usar_SSD.dir/C_/Users/Joao/.pico-sdk/sdk/2.1.1/lib/tinyusb/src/common/tusb_fifo.c.obj
                0x10007d7c                tu_fifo_config
 .text.tu_fifo_count
                0x10007de8       0x2c CMakeFiles/Usar_SSD.dir/C_/Users/Joao/.pico-sdk/sdk/2.1.1/lib/tinyusb/src/common/tusb_fifo.c.obj
                0x10007de8                tu_fifo_count
 .text.tu_fifo_empty
                0x10007e14       0x10 CMakeFiles/Usar_SSD.dir/C_/Users/Joao/.pico-sdk/sdk/2.1.1/lib/tinyusb/src/common/tusb_fifo.c.obj
                0x10007e14                tu_fifo_empty
 .text.tu_fifo_remaining
                0x10007e24       0x2c CMakeFiles/Usar_SSD.dir/C_/Users/Joao/.pico-sdk/sdk/2.1.1/lib/tinyusb/src/common/tusb_fifo.c.obj
                0x10007e24                tu_fifo_remaining
 .text.tu_fifo_read
                0x10007e50       0x9c CMakeFiles/Usar_SSD.dir/C_/Users/Joao/.pico-sdk/sdk/2.1.1/lib/tinyusb/src/common/tusb_fifo.c.obj
                0x10007e50                tu_fifo_read
 .text.tu_fifo_read_n
                0x10007eec       0xe8 CMakeFiles/Usar_SSD.dir/C_/Users/Joao/.pico-sdk/sdk/2.1.1/lib/tinyusb/src/common/tusb_fifo.c.obj
                0x10007eec                tu_fifo_read_n
 .text.tu_fifo_write
                0x10007fd4       0xa4 CMakeFiles/Usar_SSD.dir/C_/Users/Joao/.pico-sdk/sdk/2.1.1/lib/tinyusb/src/common/tusb_fifo.c.obj
                0x10007fd4                tu_fifo_write
 .text.tu_fifo_write_n
                0x10008078      0x178 CMakeFiles/Usar_SSD.dir/C_/Users/Joao/.pico-sdk/sdk/2.1.1/lib/tinyusb/src/common/tusb_fifo.c.obj
                0x10008078                tu_fifo_write_n
 .text.tu_fifo_clear
                0x100081f0       0x40 CMakeFiles/Usar_SSD.dir/C_/Users/Joao/.pico-sdk/sdk/2.1.1/lib/tinyusb/src/common/tusb_fifo.c.obj
                0x100081f0                tu_fifo_clear
 .text.tu_fifo_set_overwritable
                0x10008230       0x48 CMakeFiles/Usar_SSD.dir/C_/Users/Joao/.pico-sdk/sdk/2.1.1/lib/tinyusb/src/common/tusb_fifo.c.obj
                0x10008230                tu_fifo_set_overwritable
 .text.ff_memalloc
                0x10008278        0x8 CMakeFiles/Usar_SSD.dir/lib/FatFs_SPI/ff15/source/ffsystem.c.obj
                0x10008278                ff_memalloc
 .text.ff_memfree
                0x10008280        0x8 CMakeFiles/Usar_SSD.dir/lib/FatFs_SPI/ff15/source/ffsystem.c.obj
                0x10008280                ff_memfree
 .text.ff_uni2oem
                0x10008288       0x40 CMakeFiles/Usar_SSD.dir/lib/FatFs_SPI/ff15/source/ffunicode.c.obj
                0x10008288                ff_uni2oem
 .text.ff_oem2uni
                0x100082c8       0x2c CMakeFiles/Usar_SSD.dir/lib/FatFs_SPI/ff15/source/ffunicode.c.obj
                0x100082c8                ff_oem2uni
 .text.ff_wtoupper
                0x100082f4       0xb8 CMakeFiles/Usar_SSD.dir/lib/FatFs_SPI/ff15/source/ffunicode.c.obj
                0x100082f4                ff_wtoupper
 .text.tchar2uni
                0x100083ac      0x100 CMakeFiles/Usar_SSD.dir/lib/FatFs_SPI/ff15/source/ff.c.obj
 .text.inc_share
                0x100084ac      0x37c CMakeFiles/Usar_SSD.dir/lib/FatFs_SPI/ff15/source/ff.c.obj
 .text.put_utf  0x10008828       0xec CMakeFiles/Usar_SSD.dir/lib/FatFs_SPI/ff15/source/ff.c.obj
 .text.dir_clear
                0x10008914      0x1b0 CMakeFiles/Usar_SSD.dir/lib/FatFs_SPI/ff15/source/ff.c.obj
 .text.init_alloc_info.isra.0
                0x10008ac4       0x6c CMakeFiles/Usar_SSD.dir/lib/FatFs_SPI/ff15/source/ff.c.obj
 .text.pattern_match
                0x10008b30      0x104 CMakeFiles/Usar_SSD.dir/lib/FatFs_SPI/ff15/source/ff.c.obj
 .text.move_window
                0x10008c34       0xbc CMakeFiles/Usar_SSD.dir/lib/FatFs_SPI/ff15/source/ff.c.obj
 .text.put_fat.part.0
                0x10008cf0      0x164 CMakeFiles/Usar_SSD.dir/lib/FatFs_SPI/ff15/source/ff.c.obj
 .text.get_fat  0x10008e54      0x1b0 CMakeFiles/Usar_SSD.dir/lib/FatFs_SPI/ff15/source/ff.c.obj
 .text.dir_next.constprop.0
                0x10009004       0xbc CMakeFiles/Usar_SSD.dir/lib/FatFs_SPI/ff15/source/ff.c.obj
 .text.get_fileinfo
                0x100090c0      0x328 CMakeFiles/Usar_SSD.dir/lib/FatFs_SPI/ff15/source/ff.c.obj
 .text.sync_fs  0x100093e8       0xfc CMakeFiles/Usar_SSD.dir/lib/FatFs_SPI/ff15/source/ff.c.obj
 .text.check_fs
                0x100094e4      0x188 CMakeFiles/Usar_SSD.dir/lib/FatFs_SPI/ff15/source/ff.c.obj
 .text.mount_volume
                0x1000966c      0xac0 CMakeFiles/Usar_SSD.dir/lib/FatFs_SPI/ff15/source/ff.c.obj
 .text.load_xdir
                0x1000a12c      0x1c0 CMakeFiles/Usar_SSD.dir/lib/FatFs_SPI/ff15/source/ff.c.obj
 .text.dir_read.constprop.0
                0x1000a2ec      0x518 CMakeFiles/Usar_SSD.dir/lib/FatFs_SPI/ff15/source/ff.c.obj
 .text.dir_sdi  0x1000a804      0x2f4 CMakeFiles/Usar_SSD.dir/lib/FatFs_SPI/ff15/source/ff.c.obj
 .text.store_xdir
                0x1000aaf8      0x234 CMakeFiles/Usar_SSD.dir/lib/FatFs_SPI/ff15/source/ff.c.obj
 .text.dir_find
                0x1000ad2c      0x49c CMakeFiles/Usar_SSD.dir/lib/FatFs_SPI/ff15/source/ff.c.obj
 .text.follow_path
                0x1000b1c8      0x5b0 CMakeFiles/Usar_SSD.dir/lib/FatFs_SPI/ff15/source/ff.c.obj
 .text.remove_chain
                0x1000b778      0x3e4 CMakeFiles/Usar_SSD.dir/lib/FatFs_SPI/ff15/source/ff.c.obj
 .text.create_chain
                0x1000bb5c      0x4fc CMakeFiles/Usar_SSD.dir/lib/FatFs_SPI/ff15/source/ff.c.obj
 .text.dir_alloc
                0x1000c058      0x214 CMakeFiles/Usar_SSD.dir/lib/FatFs_SPI/ff15/source/ff.c.obj
 .text.dir_register
                0x1000c26c      0x950 CMakeFiles/Usar_SSD.dir/lib/FatFs_SPI/ff15/source/ff.c.obj
 .text.f_mount  0x1000cbbc      0x1c8 CMakeFiles/Usar_SSD.dir/lib/FatFs_SPI/ff15/source/ff.c.obj
                0x1000cbbc                f_mount
 .text.f_open   0x1000cd84      0x89c CMakeFiles/Usar_SSD.dir/lib/FatFs_SPI/ff15/source/ff.c.obj
                0x1000cd84                f_open
 .text.f_read   0x1000d620      0x26c CMakeFiles/Usar_SSD.dir/lib/FatFs_SPI/ff15/source/ff.c.obj
                0x1000d620                f_read
 .text.f_write  0x1000d88c      0x2f4 CMakeFiles/Usar_SSD.dir/lib/FatFs_SPI/ff15/source/ff.c.obj
                0x1000d88c                f_write
 .text.f_sync   0x1000db80      0x2b8 CMakeFiles/Usar_SSD.dir/lib/FatFs_SPI/ff15/source/ff.c.obj
                0x1000db80                f_sync
 .text.f_close  0x1000de38       0x78 CMakeFiles/Usar_SSD.dir/lib/FatFs_SPI/ff15/source/ff.c.obj
                0x1000de38                f_close
 .text.f_getcwd
                0x1000deb0      0x36c CMakeFiles/Usar_SSD.dir/lib/FatFs_SPI/ff15/source/ff.c.obj
                0x1000deb0                f_getcwd
 .text.f_closedir
                0x1000e21c       0x70 CMakeFiles/Usar_SSD.dir/lib/FatFs_SPI/ff15/source/ff.c.obj
                0x1000e21c                f_closedir
 .text.f_readdir
                0x1000e28c       0x8c CMakeFiles/Usar_SSD.dir/lib/FatFs_SPI/ff15/source/ff.c.obj
                0x1000e28c                f_readdir
 .text.f_findnext
                0x1000e318      0x2b4 CMakeFiles/Usar_SSD.dir/lib/FatFs_SPI/ff15/source/ff.c.obj
                0x1000e318                f_findnext
 .text.f_findfirst
                0x1000e5cc      0x118 CMakeFiles/Usar_SSD.dir/lib/FatFs_SPI/ff15/source/ff.c.obj
                0x1000e5cc                f_findfirst
 .text.f_getfree
                0x1000e6e4      0x204 CMakeFiles/Usar_SSD.dir/lib/FatFs_SPI/ff15/source/ff.c.obj
                0x1000e6e4                f_getfree
 .text.f_mkfs   0x1000e8e8     0x1c90 CMakeFiles/Usar_SSD.dir/lib/FatFs_SPI/ff15/source/ff.c.obj
                0x1000e8e8                f_mkfs
 .text.f_gets   0x10010578      0x46c CMakeFiles/Usar_SSD.dir/lib/FatFs_SPI/ff15/source/ff.c.obj
                0x10010578                f_gets
 .text.sd_spi_go_high_frequency
                0x100109e4       0x10 CMakeFiles/Usar_SSD.dir/lib/FatFs_SPI/sd_driver/sd_spi.c.obj
                0x100109e4                sd_spi_go_high_frequency
 .text.sd_spi_go_low_frequency
                0x100109f4       0x14 CMakeFiles/Usar_SSD.dir/lib/FatFs_SPI/sd_driver/sd_spi.c.obj
                0x100109f4                sd_spi_go_low_frequency
 .text.sd_spi_deselect_pulse
                0x10010a08       0x44 CMakeFiles/Usar_SSD.dir/lib/FatFs_SPI/sd_driver/sd_spi.c.obj
                0x10010a08                sd_spi_deselect_pulse
 .text.sd_spi_acquire
                0x10010a4c       0x30 CMakeFiles/Usar_SSD.dir/lib/FatFs_SPI/sd_driver/sd_spi.c.obj
                0x10010a4c                sd_spi_acquire
 .text.sd_spi_release
                0x10010a7c       0x30 CMakeFiles/Usar_SSD.dir/lib/FatFs_SPI/sd_driver/sd_spi.c.obj
                0x10010a7c                sd_spi_release
 .text.sd_spi_transfer
                0x10010aac        0xc CMakeFiles/Usar_SSD.dir/lib/FatFs_SPI/sd_driver/sd_spi.c.obj
                0x10010aac                sd_spi_transfer
 .text.sd_spi_write
                0x10010ab8       0x24 CMakeFiles/Usar_SSD.dir/lib/FatFs_SPI/sd_driver/sd_spi.c.obj
                0x10010ab8                sd_spi_write
 .text.sd_spi_send_initializing_sequence
                0x10010adc       0x78 CMakeFiles/Usar_SSD.dir/lib/FatFs_SPI/sd_driver/sd_spi.c.obj
                0x10010adc                sd_spi_send_initializing_sequence
 .text.spi_lock
                0x10010b54        0xc CMakeFiles/Usar_SSD.dir/lib/FatFs_SPI/sd_driver/spi.c.obj
                0x10010b54                spi_lock
 .text.spi_unlock
                0x10010b60        0xc CMakeFiles/Usar_SSD.dir/lib/FatFs_SPI/sd_driver/spi.c.obj
                0x10010b60                spi_unlock
 .text.my_spi_init
                0x10010b6c      0x1b4 CMakeFiles/Usar_SSD.dir/lib/FatFs_SPI/sd_driver/spi.c.obj
                0x10010b6c                my_spi_init
 .text.sd_test_com
                0x10010d20      0x1b8 CMakeFiles/Usar_SSD.dir/lib/FatFs_SPI/sd_driver/sd_card.c.obj
 .text.sd_cmd   0x10010ed8      0x348 CMakeFiles/Usar_SSD.dir/lib/FatFs_SPI/sd_driver/sd_card.c.obj
 .text.sd_sectors_nolock
                0x10011220      0x178 CMakeFiles/Usar_SSD.dir/lib/FatFs_SPI/sd_driver/sd_card.c.obj
 .text.sd_read_blocks
                0x10011398      0x190 CMakeFiles/Usar_SSD.dir/lib/FatFs_SPI/sd_driver/sd_card.c.obj
                0x10011398                sd_read_blocks
 .text.sd_write_blocks
                0x10011528      0x1fc CMakeFiles/Usar_SSD.dir/lib/FatFs_SPI/sd_driver/sd_card.c.obj
                0x10011528                sd_write_blocks
 .text.sd_init  0x10011724      0x210 CMakeFiles/Usar_SSD.dir/lib/FatFs_SPI/sd_driver/sd_card.c.obj
 .text.sd_card_detect
                0x10011934       0x44 CMakeFiles/Usar_SSD.dir/lib/FatFs_SPI/sd_driver/sd_card.c.obj
                0x10011934                sd_card_detect
 .text.sd_sectors
                0x10011978       0x30 CMakeFiles/Usar_SSD.dir/lib/FatFs_SPI/sd_driver/sd_card.c.obj
                0x10011978                sd_sectors
 .text.sd_init_driver
                0x100119a8      0x110 CMakeFiles/Usar_SSD.dir/lib/FatFs_SPI/sd_driver/sd_card.c.obj
                0x100119a8                sd_init_driver
 .text.crc7     0x10011ab8       0x28 CMakeFiles/Usar_SSD.dir/lib/FatFs_SPI/sd_driver/crc.c.obj
                0x10011ab8                crc7
 .text.crc16    0x10011ae0       0x30 CMakeFiles/Usar_SSD.dir/lib/FatFs_SPI/sd_driver/crc.c.obj
                0x10011ae0                crc16
 .text.disk_status
                0x10011b10       0x18 CMakeFiles/Usar_SSD.dir/lib/FatFs_SPI/src/glue.c.obj
                0x10011b10                disk_status
 .text.disk_initialize
                0x10011b28       0x2c CMakeFiles/Usar_SSD.dir/lib/FatFs_SPI/src/glue.c.obj
                0x10011b28                disk_initialize
 .text.disk_read
                0x10011b54       0x74 CMakeFiles/Usar_SSD.dir/lib/FatFs_SPI/src/glue.c.obj
                0x10011b54                disk_read
 .text.disk_write
                0x10011bc8       0x74 CMakeFiles/Usar_SSD.dir/lib/FatFs_SPI/src/glue.c.obj
                0x10011bc8                disk_write
 .text.disk_ioctl
                0x10011c3c       0x3c CMakeFiles/Usar_SSD.dir/lib/FatFs_SPI/src/glue.c.obj
                0x10011c3c                disk_ioctl
 .text.FRESULT_str
                0x10011c78       0x18 CMakeFiles/Usar_SSD.dir/lib/FatFs_SPI/src/f_util.c.obj
                0x10011c78                FRESULT_str
 .text.time_init
                0x10011c90       0x54 CMakeFiles/Usar_SSD.dir/lib/FatFs_SPI/src/rtc.c.obj
                0x10011c90                time_init
 .text.get_fattime
                0x10011ce4       0x64 CMakeFiles/Usar_SSD.dir/lib/FatFs_SPI/src/rtc.c.obj
                0x10011ce4                get_fattime
 .text.spi_init
                0x10011d48      0x13c CMakeFiles/Usar_SSD.dir/C_/Users/Joao/.pico-sdk/sdk/2.1.1/src/rp2_common/hardware_spi/spi.c.obj
                0x10011d48                spi_init
 .text.spi_set_baudrate
                0x10011e84       0xb8 CMakeFiles/Usar_SSD.dir/C_/Users/Joao/.pico-sdk/sdk/2.1.1/src/rp2_common/hardware_spi/spi.c.obj
                0x10011e84                spi_set_baudrate
 .text.dma_claim_unused_channel
                0x10011f3c       0x24 CMakeFiles/Usar_SSD.dir/C_/Users/Joao/.pico-sdk/sdk/2.1.1/src/rp2_common/hardware_dma/dma.c.obj
                0x10011f3c                dma_claim_unused_channel
 .text.rtc_init
                0x10011f60       0x38 CMakeFiles/Usar_SSD.dir/C_/Users/Joao/.pico-sdk/sdk/2.1.1/src/rp2_common/hardware_rtc/rtc.c.obj
                0x10011f60                rtc_init
 .text.rtc_set_datetime
                0x10011f98       0xac CMakeFiles/Usar_SSD.dir/C_/Users/Joao/.pico-sdk/sdk/2.1.1/src/rp2_common/hardware_rtc/rtc.c.obj
                0x10011f98                rtc_set_datetime
 .text.rtc_get_datetime
                0x10012044       0x44 CMakeFiles/Usar_SSD.dir/C_/Users/Joao/.pico-sdk/sdk/2.1.1/src/rp2_common/hardware_rtc/rtc.c.obj
                0x10012044                rtc_get_datetime
 .text.i2c_read_blocking_internal.constprop.0
                0x10012088       0x98 CMakeFiles/Usar_SSD.dir/C_/Users/Joao/.pico-sdk/sdk/2.1.1/src/rp2_common/hardware_i2c/i2c.c.obj
 .text.i2c_write_blocking_internal.constprop.0
                0x10012120       0xf8 CMakeFiles/Usar_SSD.dir/C_/Users/Joao/.pico-sdk/sdk/2.1.1/src/rp2_common/hardware_i2c/i2c.c.obj
 .text.i2c_set_baudrate
                0x10012218       0xc0 CMakeFiles/Usar_SSD.dir/C_/Users/Joao/.pico-sdk/sdk/2.1.1/src/rp2_common/hardware_i2c/i2c.c.obj
                0x10012218                i2c_set_baudrate
 .text.i2c_init
                0x100122d8       0x50 CMakeFiles/Usar_SSD.dir/C_/Users/Joao/.pico-sdk/sdk/2.1.1/src/rp2_common/hardware_i2c/i2c.c.obj
                0x100122d8                i2c_init
 .text.i2c_write_blocking
                0x10012328       0x14 CMakeFiles/Usar_SSD.dir/C_/Users/Joao/.pico-sdk/sdk/2.1.1/src/rp2_common/hardware_i2c/i2c.c.obj
                0x10012328                i2c_write_blocking
 .text.i2c_read_blocking
                0x1001233c       0x14 CMakeFiles/Usar_SSD.dir/C_/Users/Joao/.pico-sdk/sdk/2.1.1/src/rp2_common/hardware_i2c/i2c.c.obj
                0x1001233c                i2c_read_blocking
 .text.atoi     0x10012350        0xc C:/Users/Joao/.pico-sdk/toolchain/14_2_Rel1/bin/../lib/gcc/arm-none-eabi/14.2.1/thumb/v6-m/nofp\libg.a(libc_a-atoi.o)
                0x10012350                atoi
 .text.calloc   0x1001235c       0x18 C:/Users/Joao/.pico-sdk/toolchain/14_2_Rel1/bin/../lib/gcc/arm-none-eabi/14.2.1/thumb/v6-m/nofp\libg.a(libc_a-calloc.o)
                0x1001235c                calloc
 .text._calloc_r
                0x10012374       0xa8 C:/Users/Joao/.pico-sdk/toolchain/14_2_Rel1/bin/../lib/gcc/arm-none-eabi/14.2.1/thumb/v6-m/nofp\libg.a(libc_a-callocr.o)
                0x10012374                _calloc_r
 .text.malloc   0x1001241c       0x14 C:/Users/Joao/.pico-sdk/toolchain/14_2_Rel1/bin/../lib/gcc/arm-none-eabi/14.2.1/thumb/v6-m/nofp\libg.a(libc_a-malloc.o)
                0x1001241c                malloc
 .text.free     0x10012430       0x14 C:/Users/Joao/.pico-sdk/toolchain/14_2_Rel1/bin/../lib/gcc/arm-none-eabi/14.2.1/thumb/v6-m/nofp\libg.a(libc_a-malloc.o)
                0x10012430                free
 .text._malloc_r
                0x10012444      0x5cc C:/Users/Joao/.pico-sdk/toolchain/14_2_Rel1/bin/../lib/gcc/arm-none-eabi/14.2.1/thumb/v6-m/nofp\libg.a(libc_a-mallocr.o)
                0x10012444                _malloc_r
 .text.__malloc_lock
                0x10012a10       0x10 C:/Users/Joao/.pico-sdk/toolchain/14_2_Rel1/bin/../lib/gcc/arm-none-eabi/14.2.1/thumb/v6-m/nofp\libg.a(libc_a-mlock.o)
                0x10012a10                __malloc_lock
 .text.__malloc_unlock
                0x10012a20       0x10 C:/Users/Joao/.pico-sdk/toolchain/14_2_Rel1/bin/../lib/gcc/arm-none-eabi/14.2.1/thumb/v6-m/nofp\libg.a(libc_a-mlock.o)
                0x10012a20                __malloc_unlock
 .text._strtol_l.isra.0
                0x10012a30      0x158 C:/Users/Joao/.pico-sdk/toolchain/14_2_Rel1/bin/../lib/gcc/arm-none-eabi/14.2.1/thumb/v6-m/nofp\libg.a(libc_a-strtol.o)
 .text.strtol   0x10012b88       0x18 C:/Users/Joao/.pico-sdk/toolchain/14_2_Rel1/bin/../lib/gcc/arm-none-eabi/14.2.1/thumb/v6-m/nofp\libg.a(libc_a-strtol.o)
                0x10012b88                strtol
 .text.memcmp   0x10012ba0       0x48 C:/Users/Joao/.pico-sdk/toolchain/14_2_Rel1/bin/../lib/gcc/arm-none-eabi/14.2.1/thumb/v6-m/nofp\libg.a(libc_a-memcmp.o)
                0x10012ba0                memcmp
 .text.strchr   0x10012be8       0xc4 C:/Users/Joao/.pico-sdk/toolchain/14_2_Rel1/bin/../lib/gcc/arm-none-eabi/14.2.1/thumb/v6-m/nofp\libg.a(libc_a-strchr.o)
                0x10012be8                strchr
 .text.strnlen  0x10012cac       0x20 C:/Users/Joao/.pico-sdk/toolchain/14_2_Rel1/bin/../lib/gcc/arm-none-eabi/14.2.1/thumb/v6-m/nofp\libg.a(libc_a-strnlen.o)
                0x10012cac                strnlen
 .text.strtok   0x10012ccc       0x14 C:/Users/Joao/.pico-sdk/toolchain/14_2_Rel1/bin/../lib/gcc/arm-none-eabi/14.2.1/thumb/v6-m/nofp\libg.a(libc_a-strtok.o)
                0x10012ccc                strtok
 .text.__strtok_r
                0x10012ce0       0x64 C:/Users/Joao/.pico-sdk/toolchain/14_2_Rel1/bin/../lib/gcc/arm-none-eabi/14.2.1/thumb/v6-m/nofp\libg.a(libc_a-strtok_r.o)
                0x10012ce0                __strtok_r
 .text._sbrk_r  0x10012d44       0x24 C:/Users/Joao/.pico-sdk/toolchain/14_2_Rel1/bin/../lib/gcc/arm-none-eabi/14.2.1/thumb/v6-m/nofp\libg.a(libc_a-sbrkr.o)
                0x10012d44                _sbrk_r
 .text.__errno  0x10012d68        0xc C:/Users/Joao/.pico-sdk/toolchain/14_2_Rel1/bin/../lib/gcc/arm-none-eabi/14.2.1/thumb/v6-m/nofp\libg.a(libc_a-errno.o)
                0x10012d68                __errno
 .text.__retarget_lock_acquire_recursive
                0x10012d74        0x4 C:/Users/Joao/.pico-sdk/toolchain/14_2_Rel1/bin/../lib/gcc/arm-none-eabi/14.2.1/thumb/v6-m/nofp\libg.a(libc_a-lock.o)
                0x10012d74                __retarget_lock_acquire_recursive
 .text.__retarget_lock_release_recursive
                0x10012d78        0x4 C:/Users/Joao/.pico-sdk/toolchain/14_2_Rel1/bin/../lib/gcc/arm-none-eabi/14.2.1/thumb/v6-m/nofp\libg.a(libc_a-lock.o)
                0x10012d78                __retarget_lock_release_recursive
 .text.sysconf  0x10012d7c       0x1c C:/Users/Joao/.pico-sdk/toolchain/14_2_Rel1/bin/../lib/gcc/arm-none-eabi/14.2.1/thumb/v6-m/nofp\libg.a(libc_a-sysconf.o)
                0x10012d7c                sysconf
 .text          0x10012d98       0x88 C:/Users/Joao/.pico-sdk/toolchain/14_2_Rel1/bin/../lib/gcc/arm-none-eabi/14.2.1/thumb/v6-m/nofp\libg.a(libc_a-strcmp.o)
                0x10012d98                strcmp
 .text.strlen   0x10012e20       0x5c C:/Users/Joao/.pico-sdk/toolchain/14_2_Rel1/bin/../lib/gcc/arm-none-eabi/14.2.1/thumb/v6-m/nofp\libg.a(libc_a-strlen-stub.o)
                0x10012e20                strlen
 .text._malloc_trim_r
                0x10012e7c       0xb4 C:/Users/Joao/.pico-sdk/toolchain/14_2_Rel1/bin/../lib/gcc/arm-none-eabi/14.2.1/thumb/v6-m/nofp\libg.a(libc_a-freer.o)
                0x10012e7c                _malloc_trim_r
 .text._free_r  0x10012f30      0x1f0 C:/Users/Joao/.pico-sdk/toolchain/14_2_Rel1/bin/../lib/gcc/arm-none-eabi/14.2.1/thumb/v6-m/nofp\libg.a(libc_a-freer.o)
                0x10012f30                _free_r
 *(.fini)
 .fini          0x10013120        0x4 C:/Users/Joao/.pico-sdk/toolchain/14_2_Rel1/bin/../lib/gcc/arm-none-eabi/14.2.1/thumb/v6-m/nofp/crti.o
                0x10013120                _fini
 *fill*         0x10013124        0x4 
 .fini.__stub   0x10013128       0xf0 linker stubs
 *crtbegin.o(.ctors)
 *crtbegin?.o(.ctors)
 *(EXCLUDE_FILE(*crtend.o *crtend?.o) .ctors)
 *(SORT_BY_NAME(.ctors.*))
 *(.ctors)
 *crtbegin.o(.dtors)
 *crtbegin?.o(.dtors)
 *(EXCLUDE_FILE(*crtend.o *crtend?.o) .dtors)
 *(SORT_BY_NAME(.dtors.*))
 *(.dtors)
                0x10013218                        . = ALIGN (0x4)
                0x10013218                        PROVIDE (__preinit_array_start = .)
 *(SORT_BY_NAME(.preinit_array.*))
 .preinit_array.00100
                0x10013218        0x4 CMakeFiles/Usar_SSD.dir/C_/Users/Joao/.pico-sdk/sdk/2.1.1/src/rp2_common/pico_runtime_init/runtime_init.c.obj
                0x10013218                __pre_init_runtime_init_early_resets
 .preinit_array.00101
                0x1001321c        0x4 CMakeFiles/Usar_SSD.dir/C_/Users/Joao/.pico-sdk/sdk/2.1.1/src/rp2_common/pico_runtime_init/runtime_init.c.obj
                0x1001321c                __pre_init_runtime_init_usb_power_down
 .preinit_array.00275
                0x10013220        0x4 CMakeFiles/Usar_SSD.dir/C_/Users/Joao/.pico-sdk/sdk/2.1.1/src/rp2_common/pico_bit_ops/bit_ops_aeabi.S.obj
 .preinit_array.00300
                0x10013224        0x4 CMakeFiles/Usar_SSD.dir/C_/Users/Joao/.pico-sdk/sdk/2.1.1/src/rp2_common/pico_mem_ops/mem_ops_aeabi.S.obj
 .preinit_array.00350
                0x10013228        0x4 CMakeFiles/Usar_SSD.dir/C_/Users/Joao/.pico-sdk/sdk/2.1.1/src/rp2_common/pico_double/double_aeabi_rp2040.S.obj
 .preinit_array.00350
                0x1001322c        0x4 CMakeFiles/Usar_SSD.dir/C_/Users/Joao/.pico-sdk/sdk/2.1.1/src/rp2_common/pico_float/float_aeabi_rp2040.S.obj
 .preinit_array.00500
                0x10013230        0x4 CMakeFiles/Usar_SSD.dir/C_/Users/Joao/.pico-sdk/sdk/2.1.1/src/rp2_common/pico_runtime_init/runtime_init.c.obj
                0x10013230                __pre_init_runtime_init_clocks
 .preinit_array.00600
                0x10013234        0x4 CMakeFiles/Usar_SSD.dir/C_/Users/Joao/.pico-sdk/sdk/2.1.1/src/rp2_common/pico_runtime_init/runtime_init.c.obj
                0x10013234                __pre_init_runtime_init_post_clock_resets
 .preinit_array.00700
                0x10013238        0x4 CMakeFiles/Usar_SSD.dir/C_/Users/Joao/.pico-sdk/sdk/2.1.1/src/rp2_common/pico_runtime_init/runtime_init.c.obj
                0x10013238                __pre_init_runtime_init_rp2040_gpio_ie_disable
 .preinit_array.01000
                0x1001323c        0x4 CMakeFiles/Usar_SSD.dir/C_/Users/Joao/.pico-sdk/sdk/2.1.1/src/rp2_common/pico_runtime_init/runtime_init.c.obj
                0x1001323c                __pre_init_runtime_init_spin_locks_reset
 .preinit_array.01100
                0x10013240        0x4 CMakeFiles/Usar_SSD.dir/C_/Users/Joao/.pico-sdk/sdk/2.1.1/src/common/pico_sync/mutex.c.obj
                0x10013240                __pre_init_runtime_init_mutex
 .preinit_array.10080
                0x10013244        0x4 CMakeFiles/Usar_SSD.dir/C_/Users/Joao/.pico-sdk/sdk/2.1.1/src/rp2_common/pico_runtime_init/runtime_init.c.obj
                0x10013244                __pre_init_runtime_init_install_ram_vector_table
 .preinit_array.11000
                0x10013248        0x4 CMakeFiles/Usar_SSD.dir/C_/Users/Joao/.pico-sdk/sdk/2.1.1/src/common/pico_time/time.c.obj
                0x10013248                __pre_init_runtime_init_default_alarm_pool
 .preinit_array.YYYYY
                0x1001324c        0x4 CMakeFiles/Usar_SSD.dir/C_/Users/Joao/.pico-sdk/sdk/2.1.1/src/rp2_common/pico_runtime/runtime.c.obj
                0x1001324c                __pre_init_first_per_core_initializer
 .preinit_array.ZZZZZ.01200
                0x10013250        0x4 CMakeFiles/Usar_SSD.dir/C_/Users/Joao/.pico-sdk/sdk/2.1.1/src/rp2_common/hardware_irq/irq.c.obj
                0x10013250                __pre_init_runtime_init_per_core_irq_priorities
 *(.preinit_array)
                0x10013254                        PROVIDE (__preinit_array_end = .)
                0x10013254                        . = ALIGN (0x4)
                0x10013254                        PROVIDE (__init_array_start = .)
 *(SORT_BY_NAME(.init_array.*))
 *(.init_array)
 .init_array    0x10013254        0x4 C:/Users/Joao/.pico-sdk/toolchain/14_2_Rel1/bin/../lib/gcc/arm-none-eabi/14.2.1/thumb/v6-m/nofp/crtbegin.o
 .init_array    0x10013258        0x4 CMakeFiles/Usar_SSD.dir/C_/Users/Joao/.pico-sdk/sdk/2.1.1/src/rp2_common/pico_unique_id/unique_id.c.obj
                0x1001325c                        PROVIDE (__init_array_end = .)
                0x1001325c                        . = ALIGN (0x4)
                [!provide]                        PROVIDE (__fini_array_start = .)
 *(SORT_BY_NAME(.fini_array.*))
 *(.fini_array)
                [!provide]                        PROVIDE (__fini_array_end = .)
 *(.eh_frame*)
 .eh_frame      0x1001325c        0x0 C:/Users/Joao/.pico-sdk/toolchain/14_2_Rel1/bin/../lib/gcc/arm-none-eabi/14.2.1/thumb/v6-m/nofp/crtbegin.o
                0x1001325c                        . = ALIGN (0x4)

.glue_7         0x1001325c        0x0
 .glue_7        0x1001325c        0x0 linker stubs

.glue_7t        0x1001325c        0x0
 .glue_7t       0x1001325c        0x0 linker stubs

.vfp11_veneer   0x1001325c        0x0
 .vfp11_veneer  0x1001325c        0x0 linker stubs

.v4_bx          0x1001325c        0x0
 .v4_bx         0x1001325c        0x0 linker stubs

.iplt           0x1001325c        0x0
 .iplt          0x1001325c        0x0 C:/Users/Joao/.pico-sdk/toolchain/14_2_Rel1/bin/../lib/gcc/arm-none-eabi/14.2.1/thumb/v6-m/nofp/crtbegin.o

.rodata         0x10013260     0x2004
 *(EXCLUDE_FILE(*libm.a: *libc.a:*lib_a-mem*.o *libgcc.a:) .rodata*)
 .rodata.run_help.str1.4
                0x10013260      0xef6 CMakeFiles/Usar_SSD.dir/Cartao_FatFS_SPI.c.obj
                                0x196 (size before relaxing)
 .rodata.run_cat.str1.4
                0x10014156       0x33 CMakeFiles/Usar_SSD.dir/Cartao_FatFS_SPI.c.obj
 .rodata.run_unmount.str1.4
                0x10014156       0x56 CMakeFiles/Usar_SSD.dir/Cartao_FatFS_SPI.c.obj
 .rodata.run_ls.str1.4
                0x10014156       0x95 CMakeFiles/Usar_SSD.dir/Cartao_FatFS_SPI.c.obj
 .rodata.read_file.constprop.0.str1.4
                0x10014156       0xb9 CMakeFiles/Usar_SSD.dir/Cartao_FatFS_SPI.c.obj
 .rodata.run_format.str1.4
                0x10014156       0x17 CMakeFiles/Usar_SSD.dir/Cartao_FatFS_SPI.c.obj
 .rodata.run_getfree.str1.4
                0x10014156       0x4f CMakeFiles/Usar_SSD.dir/Cartao_FatFS_SPI.c.obj
 .rodata.run_mount.str1.4
                0x10014156       0x46 CMakeFiles/Usar_SSD.dir/Cartao_FatFS_SPI.c.obj
 .rodata.capture_mpu_data_and_save.str1.4
                0x10014156      0x1c9 CMakeFiles/Usar_SSD.dir/Cartao_FatFS_SPI.c.obj
 .rodata.inicia_pinos.str1.4
                0x10014156       0x11 CMakeFiles/Usar_SSD.dir/Cartao_FatFS_SPI.c.obj
 .rodata.oled_status.str1.4
                0x10014156        0xe CMakeFiles/Usar_SSD.dir/Cartao_FatFS_SPI.c.obj
 .rodata.main.str1.4
                0x10014156      0x257 CMakeFiles/Usar_SSD.dir/Cartao_FatFS_SPI.c.obj
 *fill*         0x10014156        0x2 
 .rodata.__bi_596.2
                0x10014158        0x8 CMakeFiles/Usar_SSD.dir/Cartao_FatFS_SPI.c.obj
 .rodata.str1.4
                0x10014160      0x147 CMakeFiles/Usar_SSD.dir/Cartao_FatFS_SPI.c.obj
 .rodata.cmds   0x10014160       0x60 CMakeFiles/Usar_SSD.dir/Cartao_FatFS_SPI.c.obj
 .rodata.str1.4
                0x100141c0        0x3 CMakeFiles/Usar_SSD.dir/hw_config.c.obj
 .rodata.font   0x100141c0      0x2f8 CMakeFiles/Usar_SSD.dir/lib/ssd1306.c.obj
 .rodata.panic.str1.4
                0x100144b8       0x12 CMakeFiles/Usar_SSD.dir/C_/Users/Joao/.pico-sdk/sdk/2.1.1/src/rp2_common/pico_platform_panic/panic.c.obj
 .rodata.spin_lock_claim_unused.str1.4
                0x100144b8       0x1b CMakeFiles/Usar_SSD.dir/C_/Users/Joao/.pico-sdk/sdk/2.1.1/src/rp2_common/hardware_sync/sync.c.obj
 .rodata.user_irq_claim_unused.str1.4
                0x100144b8       0x1b CMakeFiles/Usar_SSD.dir/C_/Users/Joao/.pico-sdk/sdk/2.1.1/src/rp2_common/hardware_irq/irq.c.obj
 .rodata.timer_hardware_alarm_claim.str1.4
                0x100144b8       0x22 CMakeFiles/Usar_SSD.dir/C_/Users/Joao/.pico-sdk/sdk/2.1.1/src/rp2_common/hardware_timer/timer.c.obj
 .rodata.hard_assertion_failure.str1.4
                0x100144b8        0xc CMakeFiles/Usar_SSD.dir/C_/Users/Joao/.pico-sdk/sdk/2.1.1/src/rp2_common/pico_runtime/runtime.c.obj
 .rodata.missing_double_func_shim.str1.4
                0x100144b8       0x18 CMakeFiles/Usar_SSD.dir/C_/Users/Joao/.pico-sdk/sdk/2.1.1/src/rp2_common/pico_double/double_init_rom_rp2040.c.obj
 .rodata.missing_float_func_shim.str1.4
                0x100144b8        0x1 CMakeFiles/Usar_SSD.dir/C_/Users/Joao/.pico-sdk/sdk/2.1.1/src/rp2_common/pico_float/float_init_rom_rp2040.c.obj
 .rodata.__wrap_malloc.str1.4
                0x100144b8        0xe CMakeFiles/Usar_SSD.dir/C_/Users/Joao/.pico-sdk/sdk/2.1.1/src/rp2_common/pico_malloc/malloc.c.obj
 .rodata.str1.4
                0x100144b8       0x40 CMakeFiles/Usar_SSD.dir/C_/Users/Joao/.pico-sdk/sdk/2.1.1/src/rp2_common/pico_standard_binary_info/standard_binary_info.c.obj
 .rodata.__bi_84
                0x100144b8        0xc CMakeFiles/Usar_SSD.dir/C_/Users/Joao/.pico-sdk/sdk/2.1.1/src/rp2_common/pico_standard_binary_info/standard_binary_info.c.obj
 .rodata.__bi_78
                0x100144c4        0xc CMakeFiles/Usar_SSD.dir/C_/Users/Joao/.pico-sdk/sdk/2.1.1/src/rp2_common/pico_standard_binary_info/standard_binary_info.c.obj
 .rodata.__bi_54
                0x100144d0        0xc CMakeFiles/Usar_SSD.dir/C_/Users/Joao/.pico-sdk/sdk/2.1.1/src/rp2_common/pico_standard_binary_info/standard_binary_info.c.obj
 .rodata.__bi_48
                0x100144dc        0xc CMakeFiles/Usar_SSD.dir/C_/Users/Joao/.pico-sdk/sdk/2.1.1/src/rp2_common/pico_standard_binary_info/standard_binary_info.c.obj
 .rodata.__bi_42
                0x100144e8        0xc CMakeFiles/Usar_SSD.dir/C_/Users/Joao/.pico-sdk/sdk/2.1.1/src/rp2_common/pico_standard_binary_info/standard_binary_info.c.obj
 .rodata.__bi_34
                0x100144f4        0xc CMakeFiles/Usar_SSD.dir/C_/Users/Joao/.pico-sdk/sdk/2.1.1/src/rp2_common/pico_standard_binary_info/standard_binary_info.c.obj
 .rodata.__bi_26
                0x10014500        0xc CMakeFiles/Usar_SSD.dir/C_/Users/Joao/.pico-sdk/sdk/2.1.1/src/rp2_common/pico_standard_binary_info/standard_binary_info.c.obj
 .rodata._ftoa.str1.4
                0x1001450c       0x15 CMakeFiles/Usar_SSD.dir/C_/Users/Joao/.pico-sdk/sdk/2.1.1/src/rp2_common/pico_printf/printf.c.obj
 .rodata._vsnprintf
                0x1001450c      0x19c CMakeFiles/Usar_SSD.dir/C_/Users/Joao/.pico-sdk/sdk/2.1.1/src/rp2_common/pico_printf/printf.c.obj
 .rodata.pow10.0
                0x100146a8       0x50 CMakeFiles/Usar_SSD.dir/C_/Users/Joao/.pico-sdk/sdk/2.1.1/src/rp2_common/pico_printf/printf.c.obj
 .rodata.crlf_str.0
                0x100146f8        0x2 CMakeFiles/Usar_SSD.dir/C_/Users/Joao/.pico-sdk/sdk/2.1.1/src/rp2_common/pico_stdio/stdio.c.obj
 *fill*         0x100146fa        0x2 
 .rodata._resetd_driver
                0x100146fc       0x20 CMakeFiles/Usar_SSD.dir/C_/Users/Joao/.pico-sdk/sdk/2.1.1/src/rp2_common/pico_stdio_usb/reset_interface.c.obj
 .rodata.desc_ms_os_20
                0x1001471c       0xa6 CMakeFiles/Usar_SSD.dir/C_/Users/Joao/.pico-sdk/sdk/2.1.1/src/rp2_common/pico_stdio_usb/reset_interface.c.obj
 *fill*         0x100147c2        0x2 
 .rodata.desc_bos
                0x100147c4       0x21 CMakeFiles/Usar_SSD.dir/C_/Users/Joao/.pico-sdk/sdk/2.1.1/src/rp2_common/pico_stdio_usb/reset_interface.c.obj
                0x100147c4                desc_bos
 .rodata.str1.4
                0x100147e5       0x13 CMakeFiles/Usar_SSD.dir/C_/Users/Joao/.pico-sdk/sdk/2.1.1/src/rp2_common/pico_stdio_usb/stdio_usb.c.obj
 *fill*         0x100147e5        0x3 
 .rodata.__bi_197.0
                0x100147e8        0xc CMakeFiles/Usar_SSD.dir/C_/Users/Joao/.pico-sdk/sdk/2.1.1/src/rp2_common/pico_stdio_usb/stdio_usb.c.obj
 .rodata.str1.4
                0x100147f4       0x2a CMakeFiles/Usar_SSD.dir/C_/Users/Joao/.pico-sdk/sdk/2.1.1/src/rp2_common/pico_stdio_usb/stdio_usb_descriptors.c.obj
 .rodata.usbd_desc_str
                0x100147f4       0x18 CMakeFiles/Usar_SSD.dir/C_/Users/Joao/.pico-sdk/sdk/2.1.1/src/rp2_common/pico_stdio_usb/stdio_usb_descriptors.c.obj
 .rodata.usbd_desc_cfg
                0x1001480c       0x54 CMakeFiles/Usar_SSD.dir/C_/Users/Joao/.pico-sdk/sdk/2.1.1/src/rp2_common/pico_stdio_usb/stdio_usb_descriptors.c.obj
 .rodata.usbd_desc_device
                0x10014860       0x12 CMakeFiles/Usar_SSD.dir/C_/Users/Joao/.pico-sdk/sdk/2.1.1/src/rp2_common/pico_stdio_usb/stdio_usb_descriptors.c.obj
 .rodata.str1.4
                0x10014872       0x14 CMakeFiles/Usar_SSD.dir/C_/Users/Joao/.pico-sdk/sdk/2.1.1/lib/tinyusb/src/portable/raspberrypi/rp2040/dcd_rp2040.c.obj
 .rodata.str1.4
                0x10014872       0x48 CMakeFiles/Usar_SSD.dir/C_/Users/Joao/.pico-sdk/sdk/2.1.1/lib/tinyusb/src/portable/raspberrypi/rp2040/rp2040_usb.c.obj
 *fill*         0x10014872        0x2 
 .rodata.tud_task_ext
                0x10014874       0x8c CMakeFiles/Usar_SSD.dir/C_/Users/Joao/.pico-sdk/sdk/2.1.1/lib/tinyusb/src/device/usbd.c.obj
 .rodata        0x10014900       0x1c CMakeFiles/Usar_SSD.dir/C_/Users/Joao/.pico-sdk/sdk/2.1.1/lib/tinyusb/src/device/usbd.c.obj
 .rodata._usbd_driver
                0x1001491c       0x40 CMakeFiles/Usar_SSD.dir/C_/Users/Joao/.pico-sdk/sdk/2.1.1/lib/tinyusb/src/device/usbd.c.obj
 .rodata.ff_wtoupper
                0x1001495c       0x24 CMakeFiles/Usar_SSD.dir/lib/FatFs_SPI/ff15/source/ffunicode.c.obj
 .rodata.cvt2.0
                0x10014980       0xbc CMakeFiles/Usar_SSD.dir/lib/FatFs_SPI/ff15/source/ffunicode.c.obj
 .rodata.cvt1.1
                0x10014a3c      0x1f2 CMakeFiles/Usar_SSD.dir/lib/FatFs_SPI/ff15/source/ffunicode.c.obj
 *fill*         0x10014c2e        0x2 
 .rodata.uc437  0x10014c30      0x100 CMakeFiles/Usar_SSD.dir/lib/FatFs_SPI/ff15/source/ffunicode.c.obj
 .rodata.check_fs.str1.4
                0x10014d30       0x15 CMakeFiles/Usar_SSD.dir/lib/FatFs_SPI/ff15/source/ff.c.obj
 .rodata.follow_path.str1.4
                0x10014d30       0x13 CMakeFiles/Usar_SSD.dir/lib/FatFs_SPI/ff15/source/ff.c.obj
 .rodata.f_mkfs.str1.4
                0x10014d30       0x45 CMakeFiles/Usar_SSD.dir/lib/FatFs_SPI/ff15/source/ff.c.obj
 .rodata.defopt.3
                0x10014d30       0x10 CMakeFiles/Usar_SSD.dir/lib/FatFs_SPI/ff15/source/ff.c.obj
 .rodata.ExCvt  0x10014d40       0x80 CMakeFiles/Usar_SSD.dir/lib/FatFs_SPI/ff15/source/ff.c.obj
 .rodata.LfnOfs
                0x10014dc0        0xd CMakeFiles/Usar_SSD.dir/lib/FatFs_SPI/ff15/source/ff.c.obj
 *fill*         0x10014dcd        0x3 
 .rodata.GUID_MS_Basic
                0x10014dd0       0x10 CMakeFiles/Usar_SSD.dir/lib/FatFs_SPI/ff15/source/ff.c.obj
 .rodata        0x10014de0       0x2c CMakeFiles/Usar_SSD.dir/lib/FatFs_SPI/ff15/source/ff.c.obj
 .rodata.dummy.2
                0x10014e0c        0x1 CMakeFiles/Usar_SSD.dir/lib/FatFs_SPI/sd_driver/spi.c.obj
 .rodata.sd_init.str1.4
                0x10014e0d       0x16 CMakeFiles/Usar_SSD.dir/lib/FatFs_SPI/sd_driver/sd_card.c.obj
 *fill*         0x10014e0d        0x3 
 .rodata.m_Crc16Table
                0x10014e10      0x200 CMakeFiles/Usar_SSD.dir/lib/FatFs_SPI/sd_driver/crc.c.obj
 .rodata.m_Crc7Table
                0x10015010      0x100 CMakeFiles/Usar_SSD.dir/lib/FatFs_SPI/sd_driver/crc.c.obj
 .rodata.FRESULT_str.str1.4
                0x10015110        0x8 CMakeFiles/Usar_SSD.dir/lib/FatFs_SPI/src/f_util.c.obj
 .rodata.str1.4
                0x10015110      0x303 CMakeFiles/Usar_SSD.dir/lib/FatFs_SPI/src/f_util.c.obj
 .rodata.CSWTCH.3
                0x10015110       0x50 CMakeFiles/Usar_SSD.dir/lib/FatFs_SPI/src/f_util.c.obj
 .rodata.dma_claim_unused_channel.str1.4
                0x10015160       0x1e CMakeFiles/Usar_SSD.dir/C_/Users/Joao/.pico-sdk/sdk/2.1.1/src/rp2_common/hardware_dma/dma.c.obj
 .rodata._ctype_
                0x10015160      0x101 C:/Users/Joao/.pico-sdk/toolchain/14_2_Rel1/bin/../lib/gcc/arm-none-eabi/14.2.1/thumb/v6-m/nofp\libg.a(libc_a-ctype_.o)
                0x10015160                _ctype_
                0x10015414                        . = ALIGN (0x4)
 *fill*         0x10015261        0x3 
 *(SORT_BY_ALIGNMENT(SORT_BY_NAME(.flashdata*)))
                0x10015264                        . = ALIGN (0x4)

.ARM.extab
 *(.ARM.extab* .gnu.linkonce.armextab.*)
                0x10015264                        __exidx_start = .

.ARM.exidx
 *(.ARM.exidx* .gnu.linkonce.armexidx.*)
                0x10015264                        __exidx_end = .
                0x10015264                        . = ALIGN (0x4)
                0x10015264                        __binary_info_start = .

.binary_info    0x10015264       0x24
 *(.binary_info.keep.*)
 .binary_info.keep.__bi_ptr596
                0x10015264        0x4 CMakeFiles/Usar_SSD.dir/Cartao_FatFS_SPI.c.obj
 .binary_info.keep.__bi_ptr84
                0x10015268        0x4 CMakeFiles/Usar_SSD.dir/C_/Users/Joao/.pico-sdk/sdk/2.1.1/src/rp2_common/pico_standard_binary_info/standard_binary_info.c.obj
 .binary_info.keep.__bi_ptr78
                0x1001526c        0x4 CMakeFiles/Usar_SSD.dir/C_/Users/Joao/.pico-sdk/sdk/2.1.1/src/rp2_common/pico_standard_binary_info/standard_binary_info.c.obj
 .binary_info.keep.__bi_ptr54
                0x10015270        0x4 CMakeFiles/Usar_SSD.dir/C_/Users/Joao/.pico-sdk/sdk/2.1.1/src/rp2_common/pico_standard_binary_info/standard_binary_info.c.obj
 .binary_info.keep.__bi_ptr48
                0x10015274        0x4 CMakeFiles/Usar_SSD.dir/C_/Users/Joao/.pico-sdk/sdk/2.1.1/src/rp2_common/pico_standard_binary_info/standard_binary_info.c.obj
 .binary_info.keep.__bi_ptr42
                0x10015278        0x4 CMakeFiles/Usar_SSD.dir/C_/Users/Joao/.pico-sdk/sdk/2.1.1/src/rp2_common/pico_standard_binary_info/standard_binary_info.c.obj
 .binary_info.keep.__bi_ptr34
                0x1001527c        0x4 CMakeFiles/Usar_SSD.dir/C_/Users/Joao/.pico-sdk/sdk/2.1.1/src/rp2_common/pico_standard_binary_info/standard_binary_info.c.obj
 .binary_info.keep.__bi_ptr26
                0x10015280        0x4 CMakeFiles/Usar_SSD.dir/C_/Users/Joao/.pico-sdk/sdk/2.1.1/src/rp2_common/pico_standard_binary_info/standard_binary_info.c.obj
 *(.binary_info.*)
 .binary_info.__bi_ptr197
                0x10015284        0x4 CMakeFiles/Usar_SSD.dir/C_/Users/Joao/.pico-sdk/sdk/2.1.1/src/rp2_common/pico_stdio_usb/stdio_usb.c.obj
                0x10015288                        __binary_info_end = .

.rel.dyn        0x10015288        0x0
 .rel.iplt      0x10015288        0x0 C:/Users/Joao/.pico-sdk/toolchain/14_2_Rel1/bin/../lib/gcc/arm-none-eabi/14.2.1/thumb/v6-m/nofp/crtbegin.o